Archive member included because of file (symbol)

/home/jaguar/Documents/FreeRtos/nxp/lpcopen_trailD_semi/lpc_board_nxp_lpcxpresso_1769/Debug/liblpc_board_nxp_lpcxpresso_1769.a(board.o)
                              ./Source/FreeRTOS-Products/FreeRTOS-Plus-IO/Device/LPC17xx/FreeRTOS_lpc17xx_i2c.o (Board_I2C_Init)
/home/jaguar/Documents/FreeRtos/nxp/lpcopen_trailD_semi/lpc_board_nxp_lpcxpresso_1769/Debug/liblpc_board_nxp_lpcxpresso_1769.a(board_sysinit.o)
                              ./Source/sysinit.o (Board_SystemInit)
/home/jaguar/Documents/FreeRtos/nxp/lpcopen_trailD_semi/lpc_chip_175x_6x/Debug/liblpc_chip_175x_6x.a(chip_17xx_40xx.o)
                              ./Source/FreeRTOS-Products/FreeRTOS/portable/GCC/ARM_CM3/port.o (SystemCoreClock)
/home/jaguar/Documents/FreeRtos/nxp/lpcopen_trailD_semi/lpc_chip_175x_6x/Debug/liblpc_chip_175x_6x.a(clock_17xx_40xx.o)
                              /home/jaguar/Documents/FreeRtos/nxp/lpcopen_trailD_semi/lpc_chip_175x_6x/Debug/liblpc_chip_175x_6x.a(chip_17xx_40xx.o) (Chip_Clock_EnablePLL)
/home/jaguar/Documents/FreeRtos/nxp/lpcopen_trailD_semi/lpc_chip_175x_6x/Debug/liblpc_chip_175x_6x.a(i2c_17xx_40xx.o)
                              ./Source/FreeRTOS-Products/FreeRTOS-Plus-IO/Device/LPC17xx/FreeRTOS_lpc17xx_i2c.o (Chip_I2C_EventHandlerPolling)
/home/jaguar/Documents/FreeRtos/nxp/lpcopen_trailD_semi/lpc_chip_175x_6x/Debug/liblpc_chip_175x_6x.a(i2s_17xx_40xx.o)
                              /home/jaguar/Documents/FreeRtos/nxp/lpcopen_trailD_semi/lpc_board_nxp_lpcxpresso_1769/Debug/liblpc_board_nxp_lpcxpresso_1769.a(board.o) (Chip_I2S_Init)
/home/jaguar/Documents/FreeRtos/nxp/lpcopen_trailD_semi/lpc_chip_175x_6x/Debug/liblpc_chip_175x_6x.a(iocon_17xx_40xx.o)
                              /home/jaguar/Documents/FreeRtos/nxp/lpcopen_trailD_semi/lpc_board_nxp_lpcxpresso_1769/Debug/liblpc_board_nxp_lpcxpresso_1769.a(board.o) (Chip_IOCON_PinMux)
/home/jaguar/Documents/FreeRtos/nxp/lpcopen_trailD_semi/lpc_chip_175x_6x/Debug/liblpc_chip_175x_6x.a(sysinit_17xx_40xx.o)
                              /home/jaguar/Documents/FreeRtos/nxp/lpcopen_trailD_semi/lpc_board_nxp_lpcxpresso_1769/Debug/liblpc_board_nxp_lpcxpresso_1769.a(board_sysinit.o) (Chip_SetupXtalClocking)
/usr/local/lpcxpresso_7.8.0_426/lpcxpresso/tools/bin/../lib/gcc/arm-none-eabi/4.9.3/../../../../arm-none-eabi/lib/armv7-m/libcr_semihost.a(__sys_write.o)
                              ./Source/Examples/Semihosting/consoleprint.o (__write)
/usr/local/lpcxpresso_7.8.0_426/lpcxpresso/tools/bin/../lib/gcc/arm-none-eabi/4.9.3/../../../../arm-none-eabi/lib/armv7-m/libcr_semihost.a(_cr__main.o)
                              ./Source/cr_startup_lpc175x_6x.o (__main)
/usr/local/lpcxpresso_7.8.0_426/lpcxpresso/tools/bin/../lib/gcc/arm-none-eabi/4.9.3/../../../../arm-none-eabi/lib/armv7-m/libcr_c.a(memcpy.o)
                              ./Source/FreeRTOS-Products/FreeRTOS-Plus-IO/Common/IOUtils_CircularBufferRx.o (memcpy)
/usr/local/lpcxpresso_7.8.0_426/lpcxpresso/tools/bin/../lib/gcc/arm-none-eabi/4.9.3/../../../../arm-none-eabi/lib/armv7-m/libcr_c.a(memset.o)
                              ./Source/FreeRTOS-Products/FreeRTOS/tasks.o (memset)
/usr/local/lpcxpresso_7.8.0_426/lpcxpresso/tools/bin/../lib/gcc/arm-none-eabi/4.9.3/../../../../arm-none-eabi/lib/armv7-m/libcr_c.a(fpprintf.o)
                              ./Source/FreeRTOS-Products/FreeRTOS/tasks.o (sprintf)
/usr/local/lpcxpresso_7.8.0_426/lpcxpresso/tools/bin/../lib/gcc/arm-none-eabi/4.9.3/../../../../arm-none-eabi/lib/armv7-m/libcr_c.a(initio.o)
                              /usr/local/lpcxpresso_7.8.0_426/lpcxpresso/tools/bin/../lib/gcc/arm-none-eabi/4.9.3/../../../../arm-none-eabi/lib/armv7-m/libcr_semihost.a(_cr__main.o) (_initio)
/usr/local/lpcxpresso_7.8.0_426/lpcxpresso/tools/bin/../lib/gcc/arm-none-eabi/4.9.3/../../../../arm-none-eabi/lib/armv7-m/libcr_c.a(memcmp.o)
                              ./Source/FreeRTOS-Products/FreeRTOS/tasks.o (memcmp)
/usr/local/lpcxpresso_7.8.0_426/lpcxpresso/tools/bin/../lib/gcc/arm-none-eabi/4.9.3/../../../../arm-none-eabi/lib/armv7-m/libcr_c.a(printf.o)
                              /usr/local/lpcxpresso_7.8.0_426/lpcxpresso/tools/bin/../lib/gcc/arm-none-eabi/4.9.3/../../../../arm-none-eabi/lib/armv7-m/libcr_c.a(fpprintf.o) (__vfprintf)
/usr/local/lpcxpresso_7.8.0_426/lpcxpresso/tools/bin/../lib/gcc/arm-none-eabi/4.9.3/../../../../arm-none-eabi/lib/armv7-m/libcr_c.a(scanf.o)
                              ./Source/Examples/UART/CLI-commands.o (atol)
/usr/local/lpcxpresso_7.8.0_426/lpcxpresso/tools/bin/../lib/gcc/arm-none-eabi/4.9.3/../../../../arm-none-eabi/lib/armv7-m/libcr_c.a(setvbuf.o)
                              /usr/local/lpcxpresso_7.8.0_426/lpcxpresso/tools/bin/../lib/gcc/arm-none-eabi/4.9.3/../../../../arm-none-eabi/lib/armv7-m/libcr_c.a(initio.o) (setvbuf)
/usr/local/lpcxpresso_7.8.0_426/lpcxpresso/tools/bin/../lib/gcc/arm-none-eabi/4.9.3/../../../../arm-none-eabi/lib/armv7-m/libcr_c.a(stdio.o)
[...]
Memory Configuration

Name             Origin             Length             Attributes
MFlash512        0x00000000         0x00080000         xr
RamLoc32         0x10000000         0x00008000         xrw
RamAHB32         0x2007c000         0x00008000         xrw
*default*        0x00000000         0xffffffff

Linker script and memory map

LOAD ./Source/FreeRTOS-Products/FreeRTOS/portable/MemMang/heap_2.o
LOAD ./Source/FreeRTOS-Products/FreeRTOS/portable/GCC/ARM_CM3/port.o
LOAD ./Source/FreeRTOS-Products/FreeRTOS-Plus-IO/Device/LPC17xx/FreeRTOS_lpc17xx_DriverInterface.o
LOAD ./Source/FreeRTOS-Products/FreeRTOS-Plus-IO/Device/LPC17xx/FreeRTOS_lpc17xx_i2c.o
LOAD ./Source/FreeRTOS-Products/FreeRTOS-Plus-IO/Common/FreeRTOS_DriverInterface.o
LOAD ./Source/FreeRTOS-Products/FreeRTOS-Plus-IO/Common/FreeRTOS_IOUtils.o
LOAD ./Source/FreeRTOS-Products/FreeRTOS-Plus-IO/Common/IOUtils_CharQueueTxAndRx.o
LOAD ./Source/FreeRTOS-Products/FreeRTOS-Plus-IO/Common/IOUtils_CircularBufferRx.o
LOAD ./Source/FreeRTOS-Products/FreeRTOS-Plus-IO/Common/IOUtils_ZeroCopyTx.o
LOAD ./Source/FreeRTOS-Products/FreeRTOS-Plus-CLI/FreeRTOS_CLI.o
LOAD ./Source/FreeRTOS-Products/FreeRTOS/croutine.o
LOAD ./Source/FreeRTOS-Products/FreeRTOS/list.o
LOAD ./Source/FreeRTOS-Products/FreeRTOS/queue.o
LOAD ./Source/FreeRTOS-Products/FreeRTOS/tasks.o
LOAD ./Source/FreeRTOS-Products/FreeRTOS/timers.o
LOAD ./Source/Examples/UART/CLI-commands.o
LOAD ./Source/Examples/UART/UART-interrupt-driven-command-console.o
LOAD ./Source/Examples/UART/UART-operation-modes-test.o
LOAD ./Source/Examples/Semihosting/basic_io.o
LOAD ./Source/Examples/Semihosting/consoleprint.o
LOAD ./Source/Examples/I2C/Copy of I2C-to-and-from-EEPROM.o
LOAD ./Source/Examples/I2C/I2C-coordinator.o
LOAD ./Source/Examples/GPIO/GPIO-output-and-software-timers.o
LOAD ./Source/cr_startup_lpc175x_6x.o
LOAD ./Source/main.o
LOAD ./Source/sysinit.o
LOAD /home/jaguar/Documents/FreeRtos/nxp/lpcopen_trailD_semi/lpc_board_nxp_lpcxpresso_1769/Debug/liblpc_board_nxp_lpcxpresso_1769.a
LOAD /home/jaguar/Documents/FreeRtos/nxp/lpcopen_trailD_semi/lpc_chip_175x_6x/Debug/liblpc_chip_175x_6x.a
START GROUP
LOAD /usr/local/lpcxpresso_7.8.0_426/lpcxpresso/tools/bin/../lib/gcc/arm-none-eabi/4.9.3/../../../../arm-none-eabi/lib/armv7-m/libcr_semihost.a
LOAD /usr/local/lpcxpresso_7.8.0_426/lpcxpresso/tools/bin/../lib/gcc/arm-none-eabi/4.9.3/../../../../arm-none-eabi/lib/armv7-m/libcr_c.a
LOAD /usr/local/lpcxpresso_7.8.0_426/lpcxpresso/tools/bin/../lib/gcc/arm-none-eabi/4.9.3/armv7-m/libcr_eabihelpers.a
END GROUP
                0x00080000                __top_MFlash512 = 0x80000
                0x10008000                __top_RamLoc32 = 0x10008000
                0x20084000                __top_RamAHB32 = 0x20084000

.text           0x00000000     0x7578
 FILL mask 0xff
                0x00000000                __vectors_start__ = ABSOLUTE (.)
 *(.isr_vector)
 .isr_vector    0x00000000       0xcc ./Source/cr_startup_lpc175x_6x.o
                0x00000000                g_pfnVectors
                0x000000cc                . = ALIGN (0x4)
                0x000000cc                __section_table_start = .
                0x000000cc                __data_section_table = .
                0x000000cc        0x4 LONG 0x7578 LOADADDR (.data)
                0x000000d0        0x4 LONG 0x10000000 ADDR (.data)
                0x000000d4        0x4 LONG 0x6c SIZEOF (.data)
                0x000000d8        0x4 LONG 0x7578 LOADADDR (.data_RAM2)
                0x000000dc        0x4 LONG 0x2007c000 ADDR (.data_RAM2)
                0x000000e0        0x4 LONG 0x0 SIZEOF (.data_RAM2)
                0x000000e4                __data_section_table_end = .
                0x000000e4                __bss_section_table = .
                0x000000e4        0x4 LONG 0x10000070 ADDR (.bss)
                0x000000e8        0x4 LONG 0x3fd0 SIZEOF (.bss)
                0x000000ec        0x4 LONG 0x2007c000 ADDR (.bss_RAM2)
                0x000000f0        0x4 LONG 0x0 SIZEOF (.bss_RAM2)
                0x000000f4                __bss_section_table_end = .
                0x000000f4                __section_table_end = .
 *(.after_vectors*)
 .after_vectors
                0x000000f4      0x144 ./Source/cr_startup_lpc175x_6x.o
                0x000000f4                data_init
                0x00000138                bss_init
                0x00000170                ResetISR
                0x000001e8                NMI_Handler
                0x000001f0                HardFault_Handler
                0x000001f8                MemManage_Handler
                0x00000200                BusFault_Handler
                0x00000208                UsageFault_Handler
                0x00000218                DebugMon_Handler
                0x00000230                TIMER2_IRQHandler
                0x00000230                RIT_IRQHandler
                0x00000230                I2C0_IRQHandler
                0x00000230                USBActivity_IRQHandler
                0x00000230                PWM1_IRQHandler
                0x00000230                I2C1_IRQHandler
                0x00000230                EINT2_IRQHandler
                0x00000230                UART1_IRQHandler
                0x00000230                EINT3_IRQHandler
                0x00000230                CANActivity_IRQHandler
                0x00000230                TIMER3_IRQHandler
                0x00000230                UART0_IRQHandler
                0x00000230                IntDefaultHandler
                0x00000230                PLL0_IRQHandler
                0x00000230                CAN_IRQHandler
                0x00000230                PLL1_IRQHandler
                0x00000230                SSP0_IRQHandler
                0x00000230                I2S_IRQHandler
                0x00000230                RTC_IRQHandler
                0x00000230                TIMER0_IRQHandler
                0x00000230                SPI_IRQHandler
                0x00000230                EINT1_IRQHandler
                0x00000230                TIMER1_IRQHandler
                0x00000230                UART2_IRQHandler
                0x00000230                ADC_IRQHandler
                0x00000230                SSP1_IRQHandler
                0x00000230                USB_IRQHandler
                0x00000230                BOD_IRQHandler
                0x00000230                WDT_IRQHandler
                0x00000230                QEI_IRQHandler
                0x00000230                EINT0_IRQHandler
                0x00000230                ETH_IRQHandler
                0x00000230                DMA_IRQHandler
                0x00000230                UART3_IRQHandler
                0x00000230                MCPWM_IRQHandler
 *(.text*)
 .text.pvPortMalloc
                0x00000238      0x150 ./Source/FreeRTOS-Products/FreeRTOS/portable/MemMang/heap_2.o
                0x00000238                pvPortMalloc
 .text.vPortFree
                0x00000388       0x70 ./Source/FreeRTOS-Products/FreeRTOS/portable/MemMang/heap_2.o
                0x00000388                vPortFree
 .text.pxPortInitialiseStack
                0x000003f8       0x54 ./Source/FreeRTOS-Products/FreeRTOS/portable/GCC/ARM_CM3/port.o
                0x000003f8                pxPortInitialiseStack
 .text.SVC_Handler
                0x0000044c       0x20 ./Source/FreeRTOS-Products/FreeRTOS/portable/GCC/ARM_CM3/port.o
                0x0000044c                SVC_Handler
 .text.prvPortStartFirstTask
                0x0000046c       0x14 ./Source/FreeRTOS-Products/FreeRTOS/portable/GCC/ARM_CM3/port.o
 .text.xPortStartScheduler
                0x00000480       0x38 ./Source/FreeRTOS-Products/FreeRTOS/portable/GCC/ARM_CM3/port.o
                0x00000480                xPortStartScheduler
 .text.vPortYieldFromISR
                0x000004b8       0x18 ./Source/FreeRTOS-Products/FreeRTOS/portable/GCC/ARM_CM3/port.o
                0x000004b8                vPortYieldFromISR
 .text.vPortEnterCritical
                0x000004d0       0x18 ./Source/FreeRTOS-Products/FreeRTOS/portable/GCC/ARM_CM3/port.o
                0x000004d0                vPortEnterCritical
 .text.vPortExitCritical
                0x000004e8       0x24 ./Source/FreeRTOS-Products/FreeRTOS/portable/GCC/ARM_CM3/port.o
                0x000004e8                vPortExitCritical
 .text.ulPortSetInterruptMask
                0x0000050c       0x14 ./Source/FreeRTOS-Products/FreeRTOS/portable/GCC/ARM_CM3/port.o
                0x0000050c                ulPortSetInterruptMask
 .text.vPortClearInterruptMask
                0x00000520        0x8 ./Source/FreeRTOS-Products/FreeRTOS/portable/GCC/ARM_CM3/port.o
                0x00000520                vPortClearInterruptMask
 .text.PendSV_Handler
                0x00000528       0x3c ./Source/FreeRTOS-Products/FreeRTOS/portable/GCC/ARM_CM3/port.o
                0x00000528                PendSV_Handler
 .text.SysTick_Handler
                0x00000564       0x20 ./Source/FreeRTOS-Products/FreeRTOS/portable/GCC/ARM_CM3/port.o
                0x00000564                SysTick_Handler
 .text.vPortSetupTimerInterrupt
                0x00000584       0x34 ./Source/FreeRTOS-Products/FreeRTOS/portable/GCC/ARM_CM3/port.o
                0x00000584                vPortSetupTimerInterrupt
 .text.vFreeRTOS_lpc17xx_PopulateFunctionPointers
                0x000005b8       0x48 ./Source/FreeRTOS-Products/FreeRTOS-Plus-IO/Device/LPC17xx/FreeRTOS_lpc17xx_DriverInterface.o
                0x000005b8                vFreeRTOS_lpc17xx_PopulateFunctionPointers
 .text.NVIC_EnableIRQ
                0x00000600       0x30 ./Source/FreeRTOS-Products/FreeRTOS-Plus-IO/Device/LPC17xx/FreeRTOS_lpc17xx_i2c.o
 .text.NVIC_DisableIRQ
                0x00000630       0x34 ./Source/FreeRTOS-Products/FreeRTOS-Plus-IO/Device/LPC17xx/FreeRTOS_lpc17xx_i2c.o
 .text.NVIC_ClearPendingIRQ
                0x00000664       0x34 ./Source/FreeRTOS-Products/FreeRTOS-Plus-IO/Device/LPC17xx/FreeRTOS_lpc17xx_i2c.o
 .text.NVIC_SetPriority
                0x00000698       0x54 ./Source/FreeRTOS-Products/FreeRTOS-Plus-IO/Device/LPC17xx/FreeRTOS_lpc17xx_i2c.o
 .text.FreeRTOS_I2C_open
                0x000006ec      0x148 ./Source/FreeRTOS-Products/FreeRTOS-Plus-IO/Device/LPC17xx/FreeRTOS_lpc17xx_i2c.o
                0x000006ec                FreeRTOS_I2C_open
 .text.FreeRTOS_I2C_write
                0x00000834      0x164 ./Source/FreeRTOS-Products/FreeRTOS-Plus-IO/Device/LPC17xx/FreeRTOS_lpc17xx_i2c.o
                0x00000834                FreeRTOS_I2C_write
 .text.FreeRTOS_I2C_read
                0x00000998      0x1b0 ./Source/FreeRTOS-Products/FreeRTOS-Plus-IO/Device/LPC17xx/FreeRTOS_lpc17xx_i2c.o
                0x00000998                FreeRTOS_I2C_read
 .text.FreeRTOS_I2C_ioctl
                0x00000b48      0x10c ./Source/FreeRTOS-Products/FreeRTOS-Plus-IO/Device/LPC17xx/FreeRTOS_lpc17xx_i2c.o
                0x00000b48                FreeRTOS_I2C_ioctl
 .text.I2C2_IRQHandler
                0x00000c54      0x280 ./Source/FreeRTOS-Products/FreeRTOS-Plus-IO/Device/LPC17xx/FreeRTOS_lpc17xx_i2c.o
                0x00000c54                I2C2_IRQHandler
 .text.FreeRTOS_open
                0x00000ed4      0x100 ./Source/FreeRTOS-Products/FreeRTOS-Plus-IO/Common/FreeRTOS_DriverInterface.o
                0x00000ed4                FreeRTOS_open
 .text.FreeRTOS_ioctl
                0x00000fd4      0x1b0 ./Source/FreeRTOS-Products/FreeRTOS-Plus-IO/Common/FreeRTOS_DriverInterface.o
                0x00000fd4                FreeRTOS_ioctl
 .text.vIOUtilsCreateTransferControlStructure
                0x00001184       0xb4 ./Source/FreeRTOS-Products/FreeRTOS-Plus-IO/Common/FreeRTOS_IOUtils.o
                0x00001184                vIOUtilsCreateTransferControlStructure
 .text.xIOUtilsSetTxQueueTimeout
                0x00001238       0x28 ./Source/FreeRTOS-Products/FreeRTOS-Plus-IO/Common/IOUtils_CharQueueTxAndRx.o
                0x00001238                xIOUtilsSetTxQueueTimeout
 .text.vIOUtilsSetRxQueueTimeout
                0x00001260       0x28 ./Source/FreeRTOS-Products/FreeRTOS-Plus-IO/Common/IOUtils_CharQueueTxAndRx.o
                0x00001260                vIOUtilsSetRxQueueTimeout
 .text.xIOUtilsConfigureTransferQueue
                0x00001288       0xbc ./Source/FreeRTOS-Products/FreeRTOS-Plus-IO/Common/IOUtils_CharQueueTxAndRx.o
                0x00001288                xIOUtilsConfigureTransferQueue
 .text.xIOUtilsWaitTxQueueEmpty
                0x00001344       0x64 ./Source/FreeRTOS-Products/FreeRTOS-Plus-IO/Common/IOUtils_CharQueueTxAndRx.o
                0x00001344                xIOUtilsWaitTxQueueEmpty
 .text.xIOUtilsClearRxCharQueue
                0x000013a8       0x30 ./Source/FreeRTOS-Products/FreeRTOS-Plus-IO/Common/IOUtils_CharQueueTxAndRx.o
                0x000013a8                xIOUtilsClearRxCharQueue
 .text.xIOUtilsConfigureCircularBufferRx
                0x000013d8       0xf0 ./Source/FreeRTOS-Products/FreeRTOS-Plus-IO/Common/IOUtils_CircularBufferRx.o
                0x000013d8                xIOUtilsConfigureCircularBufferRx
 .text.vIOUtilsClearRxCircularBuffer
                0x000014c8       0x40 ./Source/FreeRTOS-Products/FreeRTOS-Plus-IO/Common/IOUtils_CircularBufferRx.o
                0x000014c8                vIOUtilsClearRxCircularBuffer
 .text.xIOUtilsReadCharsFromCircularBuffer
                0x00001508       0xf8 ./Source/FreeRTOS-Products/FreeRTOS-Plus-IO/Common/IOUtils_CircularBufferRx.o
                0x00001508                xIOUtilsReadCharsFromCircularBuffer
 .text.vIOUtilsSetCircularBufferTimeout
                0x00001600       0x28 ./Source/FreeRTOS-Products/FreeRTOS-Plus-IO/Common/IOUtils_CircularBufferRx.o
                0x00001600                vIOUtilsSetCircularBufferTimeout
 .text.xIOUtilsConfigureZeroCopyTx
                0x00001628       0x9c ./Source/FreeRTOS-Products/FreeRTOS-Plus-IO/Common/IOUtils_ZeroCopyTx.o
                0x00001628                xIOUtilsConfigureZeroCopyTx
 .text.xIOUtilsGetZeroCopyWriteMutex
                0x000016c4       0x5c ./Source/FreeRTOS-Products/FreeRTOS-Plus-IO/Common/IOUtils_ZeroCopyTx.o
                0x000016c4                xIOUtilsGetZeroCopyWriteMutex
 .text.xIOUtilsReleaseZeroCopyWriteMutex
                0x00001720       0x3c ./Source/FreeRTOS-Products/FreeRTOS-Plus-IO/Common/IOUtils_ZeroCopyTx.o
                0x00001720                xIOUtilsReleaseZeroCopyWriteMutex
 .text.vListInitialise
                0x0000175c       0x40 ./Source/FreeRTOS-Products/FreeRTOS/list.o
                0x0000175c                vListInitialise
 .text.vListInitialiseItem
                0x0000179c       0x18 ./Source/FreeRTOS-Products/FreeRTOS/list.o
                0x0000179c                vListInitialiseItem
 .text.vListInsertEnd
                0x000017b4       0x50 ./Source/FreeRTOS-Products/FreeRTOS/list.o
                0x000017b4                vListInsertEnd
 .text.vListInsert
                0x00001804       0x70 ./Source/FreeRTOS-Products/FreeRTOS/list.o
                0x00001804                vListInsert
 .text.uxListRemove
                0x00001874       0x54 ./Source/FreeRTOS-Products/FreeRTOS/list.o
                0x00001874                uxListRemove
 .text.xQueueGenericReset
                0x000018c8       0xac ./Source/FreeRTOS-Products/FreeRTOS/queue.o
                0x000018c8                xQueueGenericReset
 .text.xQueueGenericCreate
                0x00001974       0x84 ./Source/FreeRTOS-Products/FreeRTOS/queue.o
                0x00001974                xQueueGenericCreate
 .text.xQueueCreateMutex
                0x000019f8       0x90 ./Source/FreeRTOS-Products/FreeRTOS/queue.o
                0x000019f8                xQueueCreateMutex
 .text.xQueueGetMutexHolder
                0x00001a88       0x30 ./Source/FreeRTOS-Products/FreeRTOS/queue.o
                0x00001a88                xQueueGetMutexHolder
 .text.xQueueCreateCountingSemaphore
                0x00001ab8       0x38 ./Source/FreeRTOS-Products/FreeRTOS/queue.o
                0x00001ab8                xQueueCreateCountingSemaphore
 .text.xQueueGenericSend
                0x00001af0      0x138 ./Source/FreeRTOS-Products/FreeRTOS/queue.o
                0x00001af0                xQueueGenericSend
 .text.xQueueGenericSendFromISR
                0x00001c28       0xa8 ./Source/FreeRTOS-Products/FreeRTOS/queue.o
                0x00001c28                xQueueGenericSendFromISR
 .text.xQueueGenericReceive
                0x00001cd0      0x198 ./Source/FreeRTOS-Products/FreeRTOS/queue.o
                0x00001cd0                xQueueGenericReceive
 .text.uxQueueMessagesWaiting
                0x00001e68       0x2c ./Source/FreeRTOS-Products/FreeRTOS/queue.o
                0x00001e68                uxQueueMessagesWaiting
 .text.vQueueDelete
                0x00001e94       0x30 ./Source/FreeRTOS-Products/FreeRTOS/queue.o
                0x00001e94                vQueueDelete
 .text.prvCopyDataToQueue
                0x00001ec4       0xb8 ./Source/FreeRTOS-Products/FreeRTOS/queue.o
 .text.prvCopyDataFromQueue
                0x00001f7c       0x4c ./Source/FreeRTOS-Products/FreeRTOS/queue.o
 .text.prvUnlockQueue
                0x00001fc8       0x98 ./Source/FreeRTOS-Products/FreeRTOS/queue.o
 .text.prvIsQueueEmpty
                0x00002060       0x2c ./Source/FreeRTOS-Products/FreeRTOS/queue.o
 .text.prvIsQueueFull
                0x0000208c       0x30 ./Source/FreeRTOS-Products/FreeRTOS/queue.o
 .text.vQueueUnregisterQueue
                0x000020bc       0x44 ./Source/FreeRTOS-Products/FreeRTOS/queue.o
 .text.vQueueWaitForMessageRestricted
                0x00002100       0x54 ./Source/FreeRTOS-Products/FreeRTOS/queue.o
                0x00002100                vQueueWaitForMessageRestricted
 .text.xTaskGenericCreate
                0x00002154      0x194 ./Source/FreeRTOS-Products/FreeRTOS/tasks.o
                0x00002154                xTaskGenericCreate
 .text.vTaskDelay
                0x000022e8       0x50 ./Source/FreeRTOS-Products/FreeRTOS/tasks.o
                0x000022e8                vTaskDelay
 .text.vTaskStartScheduler
                0x00002338       0x70 ./Source/FreeRTOS-Products/FreeRTOS/tasks.o
                0x00002338                vTaskStartScheduler
 .text.vTaskSuspendAll
                0x000023a8       0x1c ./Source/FreeRTOS-Products/FreeRTOS/tasks.o
                0x000023a8                vTaskSuspendAll
 .text.xTaskResumeAll
                0x000023c4      0x104 ./Source/FreeRTOS-Products/FreeRTOS/tasks.o
                0x000023c4                xTaskResumeAll
 .text.xTaskGetTickCount
                0x000024c8       0x24 ./Source/FreeRTOS-Products/FreeRTOS/tasks.o
                0x000024c8                xTaskGetTickCount
 .text.xTaskGetTickCountFromISR
                0x000024ec       0x28 ./Source/FreeRTOS-Products/FreeRTOS/tasks.o
                0x000024ec                xTaskGetTickCountFromISR
 .text.vTaskIncrementTick
                0x00002514      0x13c ./Source/FreeRTOS-Products/FreeRTOS/tasks.o
                0x00002514                vTaskIncrementTick
 .text.vTaskSwitchContext
                0x00002650      0x10c ./Source/FreeRTOS-Products/FreeRTOS/tasks.o
                0x00002650                vTaskSwitchContext
 .text.vTaskPlaceOnEventList
                0x0000275c       0x6c ./Source/FreeRTOS-Products/FreeRTOS/tasks.o
                0x0000275c                vTaskPlaceOnEventList
 .text.vTaskPlaceOnEventListRestricted
                0x000027c8       0x50 ./Source/FreeRTOS-Products/FreeRTOS/tasks.o
                0x000027c8                vTaskPlaceOnEventListRestricted
 .text.xTaskRemoveFromEventList
                0x00002818       0xac ./Source/FreeRTOS-Products/FreeRTOS/tasks.o
                0x00002818                xTaskRemoveFromEventList
 .text.vTaskSetTimeOutState
                0x000028c4       0x34 ./Source/FreeRTOS-Products/FreeRTOS/tasks.o
                0x000028c4                vTaskSetTimeOutState
 .text.xTaskCheckForTimeOut
                0x000028f8       0xa0 ./Source/FreeRTOS-Products/FreeRTOS/tasks.o
                0x000028f8                xTaskCheckForTimeOut
 .text.vTaskMissedYield
                0x00002998       0x18 ./Source/FreeRTOS-Products/FreeRTOS/tasks.o
                0x00002998                vTaskMissedYield
 .text.prvIdleTask
                0x000029b0       0x14 ./Source/FreeRTOS-Products/FreeRTOS/tasks.o
 .text.prvInitialiseTCBVariables
                0x000029c4       0x70 ./Source/FreeRTOS-Products/FreeRTOS/tasks.o
 .text.prvInitialiseTaskLists
                0x00002a34       0x7c ./Source/FreeRTOS-Products/FreeRTOS/tasks.o
 .text.prvCheckTasksWaitingTermination
                0x00002ab0       0x74 ./Source/FreeRTOS-Products/FreeRTOS/tasks.o
 .text.prvAddCurrentTaskToDelayedList
                0x00002b24       0x6c ./Source/FreeRTOS-Products/FreeRTOS/tasks.o
 .text.prvAllocateTCBAndStack
                0x00002b90       0x64 ./Source/FreeRTOS-Products/FreeRTOS/tasks.o
 .text.prvDeleteTCB
                0x00002bf4       0x20 ./Source/FreeRTOS-Products/FreeRTOS/tasks.o
 .text.xTaskGetCurrentTaskHandle
                0x00002c14       0x20 ./Source/FreeRTOS-Products/FreeRTOS/tasks.o
                0x00002c14                xTaskGetCurrentTaskHandle
 .text.xTaskGetSchedulerState
                0x00002c34       0x3c ./Source/FreeRTOS-Products/FreeRTOS/tasks.o
                0x00002c34                xTaskGetSchedulerState
 .text.vTaskPriorityInherit
                0x00002c70       0xa8 ./Source/FreeRTOS-Products/FreeRTOS/tasks.o
                0x00002c70                vTaskPriorityInherit
 .text.vTaskPriorityDisinherit
                0x00002d18       0x7c ./Source/FreeRTOS-Products/FreeRTOS/tasks.o
                0x00002d18                vTaskPriorityDisinherit
 .text.xTimerCreateTimerTask
                0x00002d94       0x58 ./Source/FreeRTOS-Products/FreeRTOS/timers.o
                0x00002d94                xTimerCreateTimerTask
 .text.xTimerCreate
                0x00002dec       0x68 ./Source/FreeRTOS-Products/FreeRTOS/timers.o
                0x00002dec                xTimerCreate
 .text.xTimerGenericCommand
                0x00002e54       0x8c ./Source/FreeRTOS-Products/FreeRTOS/timers.o
                0x00002e54                xTimerGenericCommand
 .text.prvProcessExpiredTimer
                0x00002ee0       0x70 ./Source/FreeRTOS-Products/FreeRTOS/timers.o
 .text.prvTimerTask
                0x00002f50       0x24 ./Source/FreeRTOS-Products/FreeRTOS/timers.o
 .text.prvProcessTimerOrBlockTask
                0x00002f74       0x6c ./Source/FreeRTOS-Products/FreeRTOS/timers.o
 .text.prvGetNextExpireTime
                0x00002fe0       0x48 ./Source/FreeRTOS-Products/FreeRTOS/timers.o
 .text.prvSampleTimeNow
                0x00003028       0x44 ./Source/FreeRTOS-Products/FreeRTOS/timers.o
 .text.prvInsertTimerInActiveList
                0x0000306c       0x84 ./Source/FreeRTOS-Products/FreeRTOS/timers.o
 .text.prvProcessReceivedCommands
                0x000030f0       0xec ./Source/FreeRTOS-Products/FreeRTOS/timers.o
 .text.prvSwitchTimerLists
                0x000031dc       0xb4 ./Source/FreeRTOS-Products/FreeRTOS/timers.o
 .text.prvCheckForValidListAndQueue
                0x00003290       0x54 ./Source/FreeRTOS-Products/FreeRTOS/timers.o
 .text.vPrintString
                0x000032e4       0x30 ./Source/Examples/Semihosting/basic_io.o
                0x000032e4                vPrintString
 .text.vPrintStringAndNumber
                0x00003314       0x34 ./Source/Examples/Semihosting/basic_io.o
                0x00003314                vPrintStringAndNumber
 .text.consoleprint
                0x00003348       0x28 ./Source/Examples/Semihosting/consoleprint.o
                0x00003348                consoleprint
 .text.vI2C_EEPROMTest
                0x00003370      0x268 ./Source/Examples/I2C/Copy of I2C-to-and-from-EEPROM.o
                0x00003370                vI2C_EEPROMTest
 .text.prvSetSlaveAddress
                0x000035d8       0x28 ./Source/Examples/I2C/Copy of I2C-to-and-from-EEPROM.o
 .text.prvWritePageToEEPROM
                0x00003600       0x64 ./Source/Examples/I2C/Copy of I2C-to-and-from-EEPROM.o
 .text.vI2CTaskStart
                0x00003664       0x30 ./Source/Examples/I2C/I2C-coordinator.o
                0x00003664                vI2CTaskStart
 .text.prvI2CTask
                0x00003694       0x30 ./Source/Examples/I2C/I2C-coordinator.o
 .text.Chip_GPIO_SetPinDIROutput
                0x000036c4       0x38 ./Source/Examples/GPIO/GPIO-output-and-software-timers.o
 .text.Chip_GPIO_SetPinDIRInput
                0x000036fc       0x3c ./Source/Examples/GPIO/GPIO-output-and-software-timers.o
 .text.Chip_GPIO_SetPinDIR
                0x00003738       0x44 ./Source/Examples/GPIO/GPIO-output-and-software-timers.o
 .text.Chip_GPIO_SetDir
                0x0000377c       0x34 ./Source/Examples/GPIO/GPIO-output-and-software-timers.o
 .text.Chip_GPIO_SetPortOutHigh
                0x000037b0       0x24 ./Source/Examples/GPIO/GPIO-output-and-software-timers.o
 .text.Chip_GPIO_SetValue
                0x000037d4       0x20 ./Source/Examples/GPIO/GPIO-output-and-software-timers.o
 .text.Chip_GPIO_SetPortOutLow
                0x000037f4       0x24 ./Source/Examples/GPIO/GPIO-output-and-software-timers.o
 .text.Chip_GPIO_ClearValue
                0x00003818       0x20 ./Source/Examples/GPIO/GPIO-output-and-software-timers.o
 .text.GPIO_GetPointer
                0x00003838       0x74 ./Source/Examples/GPIO/GPIO-output-and-software-timers.o
 .text.vGPIOSoftwareTimersStart
                0x000038ac       0xb0 ./Source/Examples/GPIO/GPIO-output-and-software-timers.o
                0x000038ac                vGPIOSoftwareTimersStart
 .text.prvGPIOTimerCallback
                0x0000395c       0xb4 ./Source/Examples/GPIO/GPIO-output-and-software-timers.o
 .text.NVIC_SetPriorityGrouping
                0x00003a10       0x48 ./Source/main.o
 .text.main     0x00003a58       0x3c ./Source/main.o
                0x00003a58                main
 .text.vMainConfigureTimerForRunTimeStats
                0x00003a94       0x28 ./Source/main.o
                0x00003a94                vMainConfigureTimerForRunTimeStats
 .text.ulMainGetRunTimeCounterValue
                0x00003abc       0x8c ./Source/main.o
                0x00003abc                ulMainGetRunTimeCounterValue
 .text.vApplicationStackOverflowHook
                0x00003b48       0x10 ./Source/main.o
                0x00003b48                vApplicationStackOverflowHook
 .text.vApplicationMallocFailedHook
                0x00003b58        0xc ./Source/main.o
                0x00003b58                vApplicationMallocFailedHook
 .text.vApplicationIdleHook
                0x00003b64        0xc ./Source/main.o
                0x00003b64                vApplicationIdleHook
 .text.SystemInit
                0x00003b70       0x24 ./Source/sysinit.o
                0x00003b70                SystemInit
 .text.Chip_IOCON_EnableOD
                0x00003b94       0x38 /home/jaguar/Documents/FreeRtos/nxp/lpcopen_trailD_semi/lpc_board_nxp_lpcxpresso_1769/Debug/liblpc_board_nxp_lpcxpresso_1769.a(board.o)
 .text.Chip_IOCON_SetI2CPad
                0x00003bcc       0x1c /home/jaguar/Documents/FreeRtos/nxp/lpcopen_trailD_semi/lpc_board_nxp_lpcxpresso_1769/Debug/liblpc_board_nxp_lpcxpresso_1769.a(board.o)
 .text.Board_I2C_Init
                0x00003be8       0xb8 /home/jaguar/Documents/FreeRtos/nxp/lpcopen_trailD_semi/lpc_board_nxp_lpcxpresso_1769/Debug/liblpc_board_nxp_lpcxpresso_1769.a(board.o)
                0x00003be8                Board_I2C_Init
 .text.Chip_SYSCTL_SetFLASHAccess
                0x00003ca0       0x30 /home/jaguar/Documents/FreeRtos/nxp/lpcopen_trailD_semi/lpc_board_nxp_lpcxpresso_1769/Debug/liblpc_board_nxp_lpcxpresso_1769.a(board_sysinit.o)
 .text.Board_SetupMuxing
                0x00003cd0       0x18 /home/jaguar/Documents/FreeRtos/nxp/lpcopen_trailD_semi/lpc_board_nxp_lpcxpresso_1769/Debug/liblpc_board_nxp_lpcxpresso_1769.a(board_sysinit.o)
                0x00003cd0                Board_SetupMuxing
 .text.Board_SetupClocking
                0x00003ce8       0x10 /home/jaguar/Documents/FreeRtos/nxp/lpcopen_trailD_semi/lpc_board_nxp_lpcxpresso_1769/Debug/liblpc_board_nxp_lpcxpresso_1769.a(board_sysinit.o)
                0x00003ce8                Board_SetupClocking
 .text.Board_SystemInit
                0x00003cf8       0x10 /home/jaguar/Documents/FreeRtos/nxp/lpcopen_trailD_semi/lpc_board_nxp_lpcxpresso_1769/Debug/liblpc_board_nxp_lpcxpresso_1769.a(board_sysinit.o)
                0x00003cf8                Board_SystemInit
 .text.Chip_Clock_IsMainPLLEnabled
                0x00003d08       0x28 /home/jaguar/Documents/FreeRtos/nxp/lpcopen_trailD_semi/lpc_chip_175x_6x/Debug/liblpc_chip_175x_6x.a(clock_17xx_40xx.o)
 .text.Chip_Clock_IsMainPLLConnected
                0x00003d30       0x28 /home/jaguar/Documents/FreeRtos/nxp/lpcopen_trailD_semi/lpc_chip_175x_6x/Debug/liblpc_chip_175x_6x.a(clock_17xx_40xx.o)
 .text.Chip_Clock_FeedPLL
                0x00003d58       0x34 /home/jaguar/Documents/FreeRtos/nxp/lpcopen_trailD_semi/lpc_chip_175x_6x/Debug/liblpc_chip_175x_6x.a(clock_17xx_40xx.o)
 .text.Chip_Clock_GetMainPLLSource
                0x00003d8c       0x20 /home/jaguar/Documents/FreeRtos/nxp/lpcopen_trailD_semi/lpc_chip_175x_6x/Debug/liblpc_chip_175x_6x.a(clock_17xx_40xx.o)
 .text.Chip_Clock_GetMainOscRate
                0x00003dac       0x18 /home/jaguar/Documents/FreeRtos/nxp/lpcopen_trailD_semi/lpc_chip_175x_6x/Debug/liblpc_chip_175x_6x.a(clock_17xx_40xx.o)
 .text.Chip_Clock_GetIntOscRate
                0x00003dc4       0x14 /home/jaguar/Documents/FreeRtos/nxp/lpcopen_trailD_semi/lpc_chip_175x_6x/Debug/liblpc_chip_175x_6x.a(clock_17xx_40xx.o)
 .text.Chip_Clock_GetRTCOscRate
                0x00003dd8       0x18 /home/jaguar/Documents/FreeRtos/nxp/lpcopen_trailD_semi/lpc_chip_175x_6x/Debug/liblpc_chip_175x_6x.a(clock_17xx_40xx.o)
 .text.Chip_Clock_GetMainPLLInClockRate
                0x00003df0       0x10 /home/jaguar/Documents/FreeRtos/nxp/lpcopen_trailD_semi/lpc_chip_175x_6x/Debug/liblpc_chip_175x_6x.a(clock_17xx_40xx.o)
 .text.Chip_Clock_EnablePLL
                0x00003e00       0x44 /home/jaguar/Documents/FreeRtos/nxp/lpcopen_trailD_semi/lpc_chip_175x_6x/Debug/liblpc_chip_175x_6x.a(clock_17xx_40xx.o)
                0x00003e00                Chip_Clock_EnablePLL
 .text.Chip_Clock_DisablePLL
                0x00003e44       0x44 /home/jaguar/Documents/FreeRtos/nxp/lpcopen_trailD_semi/lpc_chip_175x_6x/Debug/liblpc_chip_175x_6x.a(clock_17xx_40xx.o)
                0x00003e44                Chip_Clock_DisablePLL
 .text.Chip_Clock_SetupPLL
                0x00003e88       0x58 /home/jaguar/Documents/FreeRtos/nxp/lpcopen_trailD_semi/lpc_chip_175x_6x/Debug/liblpc_chip_175x_6x.a(clock_17xx_40xx.o)
                0x00003e88                Chip_Clock_SetupPLL
 .text.Chip_Clock_EnablePeriphClock
                0x00003ee0       0x34 /home/jaguar/Documents/FreeRtos/nxp/lpcopen_trailD_semi/lpc_chip_175x_6x/Debug/liblpc_chip_175x_6x.a(clock_17xx_40xx.o)
                0x00003ee0                Chip_Clock_EnablePeriphClock
 .text.Chip_Clock_GetCPUClockSource
                0x00003f14       0x24 /home/jaguar/Documents/FreeRtos/nxp/lpcopen_trailD_semi/lpc_chip_175x_6x/Debug/liblpc_chip_175x_6x.a(clock_17xx_40xx.o)
                0x00003f14                Chip_Clock_GetCPUClockSource
 .text.Chip_Clock_SetCPUClockDiv
                0x00003f38       0x20 /home/jaguar/Documents/FreeRtos/nxp/lpcopen_trailD_semi/lpc_chip_175x_6x/Debug/liblpc_chip_175x_6x.a(clock_17xx_40xx.o)
                0x00003f38                Chip_Clock_SetCPUClockDiv
 .text.Chip_Clock_GetCPUClockDiv
                0x00003f58       0x1c /home/jaguar/Documents/FreeRtos/nxp/lpcopen_trailD_semi/lpc_chip_175x_6x/Debug/liblpc_chip_175x_6x.a(clock_17xx_40xx.o)
                0x00003f58                Chip_Clock_GetCPUClockDiv
 .text.Chip_Clock_GetPCLKDiv
                0x00003f74       0x90 /home/jaguar/Documents/FreeRtos/nxp/lpcopen_trailD_semi/lpc_chip_175x_6x/Debug/liblpc_chip_175x_6x.a(clock_17xx_40xx.o)
                0x00003f74                Chip_Clock_GetPCLKDiv
 .text.Chip_Clock_GetSYSCLKRate
                0x00004004       0x34 /home/jaguar/Documents/FreeRtos/nxp/lpcopen_trailD_semi/lpc_chip_175x_6x/Debug/liblpc_chip_175x_6x.a(clock_17xx_40xx.o)
                0x00004004                Chip_Clock_GetSYSCLKRate
 .text.Chip_Clock_GetMainPLLOutClockRate
                0x00004038       0x54 /home/jaguar/Documents/FreeRtos/nxp/lpcopen_trailD_semi/lpc_chip_175x_6x/Debug/liblpc_chip_175x_6x.a(clock_17xx_40xx.o)
                0x00004038                Chip_Clock_GetMainPLLOutClockRate
 .text.Chip_Clock_GetMainClockRate
                0x0000408c       0x28 /home/jaguar/Documents/FreeRtos/nxp/lpcopen_trailD_semi/lpc_chip_175x_6x/Debug/liblpc_chip_175x_6x.a(clock_17xx_40xx.o)
                0x0000408c                Chip_Clock_GetMainClockRate
 .text.Chip_Clock_GetSystemClockRate
                0x000040b4       0x18 /home/jaguar/Documents/FreeRtos/nxp/lpcopen_trailD_semi/lpc_chip_175x_6x/Debug/liblpc_chip_175x_6x.a(clock_17xx_40xx.o)
                0x000040b4                Chip_Clock_GetSystemClockRate
 .text.Chip_Clock_GetPeripheralClockRate
                0x000040cc       0x28 /home/jaguar/Documents/FreeRtos/nxp/lpcopen_trailD_semi/lpc_chip_175x_6x/Debug/liblpc_chip_175x_6x.a(clock_17xx_40xx.o)
                0x000040cc                Chip_Clock_GetPeripheralClockRate
 .text.enableClk
                0x000040f4       0x2c /home/jaguar/Documents/FreeRtos/nxp/lpcopen_trailD_semi/lpc_chip_175x_6x/Debug/liblpc_chip_175x_6x.a(i2c_17xx_40xx.o)
 .text.getClkRate
                0x00004120       0x24 /home/jaguar/Documents/FreeRtos/nxp/lpcopen_trailD_semi/lpc_chip_175x_6x/Debug/liblpc_chip_175x_6x.a(i2c_17xx_40xx.o)
 .text.startMasterXfer
                0x00004144       0x20 /home/jaguar/Documents/FreeRtos/nxp/lpcopen_trailD_semi/lpc_chip_175x_6x/Debug/liblpc_chip_175x_6x.a(i2c_17xx_40xx.o)
 .text.startSlaverXfer
                0x00004164       0x20 /home/jaguar/Documents/FreeRtos/nxp/lpcopen_trailD_semi/lpc_chip_175x_6x/Debug/liblpc_chip_175x_6x.a(i2c_17xx_40xx.o)
 .text.isI2CBusFree
                0x00004184       0x28 /home/jaguar/Documents/FreeRtos/nxp/lpcopen_trailD_semi/lpc_chip_175x_6x/Debug/liblpc_chip_175x_6x.a(i2c_17xx_40xx.o)
 .text.getCurState
                0x000041ac       0x1c /home/jaguar/Documents/FreeRtos/nxp/lpcopen_trailD_semi/lpc_chip_175x_6x/Debug/liblpc_chip_175x_6x.a(i2c_17xx_40xx.o)
 .text.handleMasterXferState
                0x000041c8      0x284 /home/jaguar/Documents/FreeRtos/nxp/lpcopen_trailD_semi/lpc_chip_175x_6x/Debug/liblpc_chip_175x_6x.a(i2c_17xx_40xx.o)
                0x000041c8                handleMasterXferState
 .text.Chip_I2C_EventHandler
                0x0000444c       0x4c /home/jaguar/Documents/FreeRtos/nxp/lpcopen_trailD_semi/lpc_chip_175x_6x/Debug/liblpc_chip_175x_6x.a(i2c_17xx_40xx.o)
                0x0000444c                Chip_I2C_EventHandler
 .text.Chip_I2C_EventHandlerPolling
                0x00004498       0x5c /home/jaguar/Documents/FreeRtos/nxp/lpcopen_trailD_semi/lpc_chip_175x_6x/Debug/liblpc_chip_175x_6x.a(i2c_17xx_40xx.o)
                0x00004498                Chip_I2C_EventHandlerPolling
 .text.Chip_I2C_Init
                0x000044f4       0x30 /home/jaguar/Documents/FreeRtos/nxp/lpcopen_trailD_semi/lpc_chip_175x_6x/Debug/liblpc_chip_175x_6x.a(i2c_17xx_40xx.o)
                0x000044f4                Chip_I2C_Init
 .text.Chip_I2C_SetClockRate
                0x00004524       0x68 /home/jaguar/Documents/FreeRtos/nxp/lpcopen_trailD_semi/lpc_chip_175x_6x/Debug/liblpc_chip_175x_6x.a(i2c_17xx_40xx.o)
                0x00004524                Chip_I2C_SetClockRate
 .text.Chip_I2C_SetMasterEventHandler
                0x0000458c       0x4c /home/jaguar/Documents/FreeRtos/nxp/lpcopen_trailD_semi/lpc_chip_175x_6x/Debug/liblpc_chip_175x_6x.a(i2c_17xx_40xx.o)
                0x0000458c                Chip_I2C_SetMasterEventHandler
 .text.Chip_I2C_MasterTransfer
                0x000045d8       0x9c /home/jaguar/Documents/FreeRtos/nxp/lpcopen_trailD_semi/lpc_chip_175x_6x/Debug/liblpc_chip_175x_6x.a(i2c_17xx_40xx.o)
                0x000045d8                Chip_I2C_MasterTransfer
 .text.Chip_I2C_MasterSend
                0x00004674       0x70 /home/jaguar/Documents/FreeRtos/nxp/lpcopen_trailD_semi/lpc_chip_175x_6x/Debug/liblpc_chip_175x_6x.a(i2c_17xx_40xx.o)
                0x00004674                Chip_I2C_MasterSend
 .text.Chip_I2C_MasterRead
                0x000046e4       0x6c /home/jaguar/Documents/FreeRtos/nxp/lpcopen_trailD_semi/lpc_chip_175x_6x/Debug/liblpc_chip_175x_6x.a(i2c_17xx_40xx.o)
                0x000046e4                Chip_I2C_MasterRead
 .text.Chip_I2C_MasterStateHandler
                0x00004750       0x5c /home/jaguar/Documents/FreeRtos/nxp/lpcopen_trailD_semi/lpc_chip_175x_6x/Debug/liblpc_chip_175x_6x.a(i2c_17xx_40xx.o)
                0x00004750                Chip_I2C_MasterStateHandler
 .text.Chip_I2C_IsStateChanged
                0x000047ac       0x3c /home/jaguar/Documents/FreeRtos/nxp/lpcopen_trailD_semi/lpc_chip_175x_6x/Debug/liblpc_chip_175x_6x.a(i2c_17xx_40xx.o)
                0x000047ac                Chip_I2C_IsStateChanged
 .text.Chip_IOCON_PinMuxSet
                0x000047e8       0x34 /home/jaguar/Documents/FreeRtos/nxp/lpcopen_trailD_semi/lpc_chip_175x_6x/Debug/liblpc_chip_175x_6x.a(iocon_17xx_40xx.o)
                0x000047e8                Chip_IOCON_PinMuxSet
 .text.Chip_IOCON_PinMux
                0x0000481c       0x94 /home/jaguar/Documents/FreeRtos/nxp/lpcopen_trailD_semi/lpc_chip_175x_6x/Debug/liblpc_chip_175x_6x.a(iocon_17xx_40xx.o)
                0x0000481c                Chip_IOCON_PinMux
 .text.Chip_IOCON_SetPinMuxing
                0x000048b0       0x60 /home/jaguar/Documents/FreeRtos/nxp/lpcopen_trailD_semi/lpc_chip_175x_6x/Debug/liblpc_chip_175x_6x.a(iocon_17xx_40xx.o)
                0x000048b0                Chip_IOCON_SetPinMuxing
 .text.Chip_Clock_IsMainPLLEnabled
                0x00004910       0x28 /home/jaguar/Documents/FreeRtos/nxp/lpcopen_trailD_semi/lpc_chip_175x_6x/Debug/liblpc_chip_175x_6x.a(sysinit_17xx_40xx.o)
 .text.Chip_Clock_IsMainPLLLocked
                0x00004938       0x28 /home/jaguar/Documents/FreeRtos/nxp/lpcopen_trailD_semi/lpc_chip_175x_6x/Debug/liblpc_chip_175x_6x.a(sysinit_17xx_40xx.o)
 .text.Chip_Clock_IsMainPLLConnected
                0x00004960       0x28 /home/jaguar/Documents/FreeRtos/nxp/lpcopen_trailD_semi/lpc_chip_175x_6x/Debug/liblpc_chip_175x_6x.a(sysinit_17xx_40xx.o)
 .text.Chip_Clock_EnableCrystal
                0x00004988       0x20 /home/jaguar/Documents/FreeRtos/nxp/lpcopen_trailD_semi/lpc_chip_175x_6x/Debug/liblpc_chip_175x_6x.a(sysinit_17xx_40xx.o)
 .text.Chip_Clock_IsCrystalEnabled
                0x000049a8       0x28 /home/jaguar/Documents/FreeRtos/nxp/lpcopen_trailD_semi/lpc_chip_175x_6x/Debug/liblpc_chip_175x_6x.a(sysinit_17xx_40xx.o)
 .text.Chip_Clock_SetMainPLLSource
                0x000049d0       0x20 /home/jaguar/Documents/FreeRtos/nxp/lpcopen_trailD_semi/lpc_chip_175x_6x/Debug/liblpc_chip_175x_6x.a(sysinit_17xx_40xx.o)
 .text.Chip_SetupXtalClocking
                0x000049f0       0x90 /home/jaguar/Documents/FreeRtos/nxp/lpcopen_trailD_semi/lpc_chip_175x_6x/Debug/liblpc_chip_175x_6x.a(sysinit_17xx_40xx.o)
                0x000049f0                Chip_SetupXtalClocking
 .text.__sys_write
                0x00004a80        0xc /usr/local/lpcxpresso_7.8.0_426/lpcxpresso/tools/bin/../lib/gcc/arm-none-eabi/4.9.3/../../../../arm-none-eabi/lib/armv7-m/libcr_semihost.a(__sys_write.o)
                0x00004a80                __write
                0x00004a80                __sys_write
 .text.__main   0x00004a8c       0x14 /usr/local/lpcxpresso_7.8.0_426/lpcxpresso/tools/bin/../lib/gcc/arm-none-eabi/4.9.3/../../../../arm-none-eabi/lib/armv7-m/libcr_semihost.a(_cr__main.o)
                0x00004a8c                __main
                0x00004a8c                __CR_SEMIHOST
 .text.memcpy   0x00004aa0        0x4 /usr/local/lpcxpresso_7.8.0_426/lpcxpresso/tools/bin/../lib/gcc/arm-none-eabi/4.9.3/../../../../arm-none-eabi/lib/armv7-m/libcr_c.a(memcpy.o)
                0x00004aa0                memcpy
 .text.memset   0x00004aa4        0x4 /usr/local/lpcxpresso_7.8.0_426/lpcxpresso/tools/bin/../lib/gcc/arm-none-eabi/4.9.3/../../../../arm-none-eabi/lib/armv7-m/libcr_c.a(memset.o)
                0x00004aa4                memset
 .text.fp_round
                0x00004aa8       0x4a /usr/local/lpcxpresso_7.8.0_426/lpcxpresso/tools/bin/../lib/gcc/arm-none-eabi/4.9.3/../../../../arm-none-eabi/lib/armv7-m/libcr_c.a(fpprintf.o)
 .text.pr_dec.constprop.1
                0x00004af2       0x26 /usr/local/lpcxpresso_7.8.0_426/lpcxpresso/tools/bin/../lib/gcc/arm-none-eabi/4.9.3/../../../../arm-none-eabi/lib/armv7-m/libcr_c.a(fpprintf.o)
 .text.sprintf  0x00004b18       0x6c /usr/local/lpcxpresso_7.8.0_426/lpcxpresso/tools/bin/../lib/gcc/arm-none-eabi/4.9.3/../../../../arm-none-eabi/lib/armv7-m/libcr_c.a(fpprintf.o)
                0x00004b18                sprintf
 *fill*         0x00004b84        0x4 
 .text.fp_display
                0x00004b88      0x900 /usr/local/lpcxpresso_7.8.0_426/lpcxpresso/tools/bin/../lib/gcc/arm-none-eabi/4.9.3/../../../../arm-none-eabi/lib/armv7-m/libcr_c.a(fpprintf.o)
 .text.vsnprintf
                0x00005488       0x5c /usr/local/lpcxpresso_7.8.0_426/lpcxpresso/tools/bin/../lib/gcc/arm-none-eabi/4.9.3/../../../../arm-none-eabi/lib/armv7-m/libcr_c.a(fpprintf.o)
                0x00005488                vsnprintf
 .text.printf   0x000054e4       0x54 /usr/local/lpcxpresso_7.8.0_426/lpcxpresso/tools/bin/../lib/gcc/arm-none-eabi/4.9.3/../../../../arm-none-eabi/lib/armv7-m/libcr_c.a(fpprintf.o)
                0x000054e4                printf
 .text._initio  0x00005538       0xa4 /usr/local/lpcxpresso_7.8.0_426/lpcxpresso/tools/bin/../lib/gcc/arm-none-eabi/4.9.3/../../../../arm-none-eabi/lib/armv7-m/libcr_c.a(initio.o)
                0x00005538                _initio
 .text.memcmp   0x000055dc       0x42 /usr/local/lpcxpresso_7.8.0_426/lpcxpresso/tools/bin/../lib/gcc/arm-none-eabi/4.9.3/../../../../arm-none-eabi/lib/armv7-m/libcr_c.a(memcmp.o)
                0x000055dc                memcmp
 *fill*         0x0000561e        0x2 
 .text.__vfprintf
                0x00005620      0xca4 /usr/local/lpcxpresso_7.8.0_426/lpcxpresso/tools/bin/../lib/gcc/arm-none-eabi/4.9.3/../../../../arm-none-eabi/lib/armv7-m/libcr_c.a(printf.o)
                0x00005620                __vfprintf
 .text.setvbuf  0x000062c4       0x40 /usr/local/lpcxpresso_7.8.0_426/lpcxpresso/tools/bin/../lib/gcc/arm-none-eabi/4.9.3/../../../../arm-none-eabi/lib/armv7-m/libcr_c.a(setvbuf.o)
                0x000062c4                setvbuf
 .text.strcmp   0x00006304       0x44 /usr/local/lpcxpresso_7.8.0_426/lpcxpresso/tools/bin/../lib/gcc/arm-none-eabi/4.9.3/../../../../arm-none-eabi/lib/armv7-m/libcr_c.a(strcmp.o)
                0x00006304                strcmp
 .text.strlen   0x00006348       0x4a /usr/local/lpcxpresso_7.8.0_426/lpcxpresso/tools/bin/../lib/gcc/arm-none-eabi/4.9.3/../../../../arm-none-eabi/lib/armv7-m/libcr_c.a(strlen.o)
                0x00006348                strlen
 .text.strncpy  0x00006392       0x58 /usr/local/lpcxpresso_7.8.0_426/lpcxpresso/tools/bin/../lib/gcc/arm-none-eabi/4.9.3/../../../../arm-none-eabi/lib/armv7-m/libcr_c.a(strncpy.o)
                0x00006392                strncpy
 .text._deferredlazyseek
                0x000063ea       0x44 /usr/local/lpcxpresso_7.8.0_426/lpcxpresso/tools/bin/../lib/gcc/arm-none-eabi/4.9.3/../../../../arm-none-eabi/lib/armv7-m/libcr_c.a(_deferredlazyseek.o)
                0x000063ea                _deferredlazyseek
 .text.__flsbuf
                0x0000642e      0x142 /usr/local/lpcxpresso_7.8.0_426/lpcxpresso/tools/bin/../lib/gcc/arm-none-eabi/4.9.3/../../../../arm-none-eabi/lib/armv7-m/libcr_c.a(_deferredlazyseek.o)
                0x0000642e                __flsbuf
 .text._fdopen  0x00006570       0x6a /usr/local/lpcxpresso_7.8.0_426/lpcxpresso/tools/bin/../lib/gcc/arm-none-eabi/4.9.3/../../../../arm-none-eabi/lib/armv7-m/libcr_c.a(_fdopen.o)
                0x00006570                _fdopen
 .text._fflush  0x000065da       0x58 /usr/local/lpcxpresso_7.8.0_426/lpcxpresso/tools/bin/../lib/gcc/arm-none-eabi/4.9.3/../../../../arm-none-eabi/lib/armv7-m/libcr_c.a(_fflush.o)
                0x000065da                _fflush
 .text._frexpl  0x00006632       0x5a /usr/local/lpcxpresso_7.8.0_426/lpcxpresso/tools/bin/../lib/gcc/arm-none-eabi/4.9.3/../../../../arm-none-eabi/lib/armv7-m/libcr_c.a(_frexpl.o)
                0x00006632                _frexpl
 .text._ldexpl  0x0000668c       0x4c /usr/local/lpcxpresso_7.8.0_426/lpcxpresso/tools/bin/../lib/gcc/arm-none-eabi/4.9.3/../../../../arm-none-eabi/lib/armv7-m/libcr_c.a(_ldexpl.o)
                0x0000668c                _ldexpl
 .text._Cwritebuf
                0x000066d8       0x68 /usr/local/lpcxpresso_7.8.0_426/lpcxpresso/tools/bin/../lib/gcc/arm-none-eabi/4.9.3/../../../../arm-none-eabi/lib/armv7-m/libcr_c.a(_writebuf.o)
                0x000066d8                _Cwritebuf
 .text.malloc   0x00006740       0xcc /usr/local/lpcxpresso_7.8.0_426/lpcxpresso/tools/bin/../lib/gcc/arm-none-eabi/4.9.3/../../../../arm-none-eabi/lib/armv7-m/libcr_c.a(alloc.o)
                0x00006740                malloc
 .text.free     0x0000680c       0x30 /usr/local/lpcxpresso_7.8.0_426/lpcxpresso/tools/bin/../lib/gcc/arm-none-eabi/4.9.3/../../../../arm-none-eabi/lib/armv7-m/libcr_c.a(alloc.o)
                0x0000680c                free
 .text._Csys_alloc
                0x0000683c       0x20 /usr/local/lpcxpresso_7.8.0_426/lpcxpresso/tools/bin/../lib/gcc/arm-none-eabi/4.9.3/../../../../arm-none-eabi/lib/armv7-m/libcr_c.a(alloc.o)
                0x0000683c                _Csys_alloc
 .text.fclose   0x0000685c       0x6c /usr/local/lpcxpresso_7.8.0_426/lpcxpresso/tools/bin/../lib/gcc/arm-none-eabi/4.9.3/../../../../arm-none-eabi/lib/armv7-m/libcr_c.a(fclose.o)
                0x0000685c                fclose
 .text.fflush   0x000068c8       0x30 /usr/local/lpcxpresso_7.8.0_426/lpcxpresso/tools/bin/../lib/gcc/arm-none-eabi/4.9.3/../../../../arm-none-eabi/lib/armv7-m/libcr_c.a(fflush.o)
                0x000068c8                fflush
 .text.fseek    0x000068f8      0x110 /usr/local/lpcxpresso_7.8.0_426/lpcxpresso/tools/bin/../lib/gcc/arm-none-eabi/4.9.3/../../../../arm-none-eabi/lib/armv7-m/libcr_c.a(fseek.o)
                0x000068f8                fseek
 .text.ftell    0x00006a08       0x4c /usr/local/lpcxpresso_7.8.0_426/lpcxpresso/tools/bin/../lib/gcc/arm-none-eabi/4.9.3/../../../../arm-none-eabi/lib/armv7-m/libcr_c.a(ftell.o)
                0x00006a08                ftell
 .text.remove   0x00006a54       0x14 /usr/local/lpcxpresso_7.8.0_426/lpcxpresso/tools/bin/../lib/gcc/arm-none-eabi/4.9.3/../../../../arm-none-eabi/lib/armv7-m/libcr_c.a(remove.o)
                0x00006a54                remove
 .text._sbrk    0x00006a68       0x40 /usr/local/lpcxpresso_7.8.0_426/lpcxpresso/tools/bin/../lib/gcc/arm-none-eabi/4.9.3/../../../../arm-none-eabi/lib/armv7-m/libcr_c.a(_cr_sbrk.o)
                0x00006a68                _sbrk
 .text._do_fflush
                0x00006aa8       0x44 /usr/local/lpcxpresso_7.8.0_426/lpcxpresso/tools/bin/../lib/gcc/arm-none-eabi/4.9.3/../../../../arm-none-eabi/lib/armv7-m/libcr_c.a(_do_fflush.o)
                0x00006aa8                _do_fflush
 .text.__check_heap_overflow
                0x00006aec       0x18 /usr/local/lpcxpresso_7.8.0_426/lpcxpresso/tools/bin/../lib/gcc/arm-none-eabi/4.9.3/../../../../arm-none-eabi/lib/armv7-m/libcr_c.a(_cr_check_heap.o)
                0x00006aec                __check_heap_overflow
 .text.__aeabi_dmul
                0x00006b04      0x120 /usr/local/lpcxpresso_7.8.0_426/lpcxpresso/tools/bin/../lib/gcc/arm-none-eabi/4.9.3/armv7-m/libcr_eabihelpers.a(double.o)
                0x00006b04                __aeabi_dmul
 .text.__aeabi_ddiv
                0x00006c24      0x150 /usr/local/lpcxpresso_7.8.0_426/lpcxpresso/tools/bin/../lib/gcc/arm-none-eabi/4.9.3/armv7-m/libcr_eabihelpers.a(double.o)
                0x00006c24                __aeabi_ddiv
 .text.__aeabi_dsub
                0x00006d74      0x1d8 /usr/local/lpcxpresso_7.8.0_426/lpcxpresso/tools/bin/../lib/gcc/arm-none-eabi/4.9.3/armv7-m/libcr_eabihelpers.a(double.o)
                0x00006d74                __aeabi_dsub
 .text.__aeabi_dadd
                0x00006f4c      0x134 /usr/local/lpcxpresso_7.8.0_426/lpcxpresso/tools/bin/../lib/gcc/arm-none-eabi/4.9.3/armv7-m/libcr_eabihelpers.a(double.o)
                0x00006f4c                __aeabi_dadd
 .text.__aeabi_d2iz
                0x00007080       0x40 /usr/local/lpcxpresso_7.8.0_426/lpcxpresso/tools/bin/../lib/gcc/arm-none-eabi/4.9.3/armv7-m/libcr_eabihelpers.a(double.o)
                0x00007080                __aeabi_d2iz
 .text.__bhs_ui2d
                0x000070c0       0x48 /usr/local/lpcxpresso_7.8.0_426/lpcxpresso/tools/bin/../lib/gcc/arm-none-eabi/4.9.3/armv7-m/libcr_eabihelpers.a(double.o)
                0x000070c0                __bhs_ui2d
 .text.__aeabi_i2d
                0x00007108       0x14 /usr/local/lpcxpresso_7.8.0_426/lpcxpresso/tools/bin/../lib/gcc/arm-none-eabi/4.9.3/armv7-m/libcr_eabihelpers.a(double.o)
                0x00007108                __aeabi_i2d
 .text.__aeabi_dcmpeq
                0x0000711c       0x2c /usr/local/lpcxpresso_7.8.0_426/lpcxpresso/tools/bin/../lib/gcc/arm-none-eabi/4.9.3/armv7-m/libcr_eabihelpers.a(double.o)
                0x0000711c                __aeabi_dcmpeq
 .text.__aeabi_dcmplt
                0x00007148       0x5c /usr/local/lpcxpresso_7.8.0_426/lpcxpresso/tools/bin/../lib/gcc/arm-none-eabi/4.9.3/armv7-m/libcr_eabihelpers.a(double.o)
                0x00007148                __aeabi_dcmplt
 .text.__aeabi_dcmple
                0x000071a4       0x5c /usr/local/lpcxpresso_7.8.0_426/lpcxpresso/tools/bin/../lib/gcc/arm-none-eabi/4.9.3/armv7-m/libcr_eabihelpers.a(double.o)
                0x000071a4                __aeabi_dcmple
 .text.__aeabi_dcmpge
                0x00007200       0x5c /usr/local/lpcxpresso_7.8.0_426/lpcxpresso/tools/bin/../lib/gcc/arm-none-eabi/4.9.3/armv7-m/libcr_eabihelpers.a(double.o)
                0x00007200                __aeabi_dcmpge
 .text.__aeabi_memcpy
                0x0000725c       0x34 /usr/local/lpcxpresso_7.8.0_426/lpcxpresso/tools/bin/../lib/gcc/arm-none-eabi/4.9.3/armv7-m/libcr_eabihelpers.a(memcpy.o)
                0x0000725c                __aeabi_memcpy
                0x00007266                __aeabi_memcpy4
                0x00007266                __aeabi_memcpy8
 .text.__aeabi_memset_lowlevel
                0x00007290       0x32 /usr/local/lpcxpresso_7.8.0_426/lpcxpresso/tools/bin/../lib/gcc/arm-none-eabi/4.9.3/armv7-m/libcr_eabihelpers.a(memcpy.o)
                0x00007290                __aeabi_lowlevel_memset
 *fill*         0x000072c2        0x2 
 .text.__sys_appexit
                0x000072c4        0xc /usr/local/lpcxpresso_7.8.0_426/lpcxpresso/tools/bin/../lib/gcc/arm-none-eabi/4.9.3/../../../../arm-none-eabi/lib/armv7-m/libcr_semihost.a(__sys_appexit.o)
                0x000072c4                __exit
                0x000072c4                __sys_appexit
 .text.__sys_close
                0x000072d0        0xc /usr/local/lpcxpresso_7.8.0_426/lpcxpresso/tools/bin/../lib/gcc/arm-none-eabi/4.9.3/../../../../arm-none-eabi/lib/armv7-m/libcr_semihost.a(__sys_close.o)
                0x000072d0                __sys_close
 .text.__sys_flen
                0x000072dc        0xc /usr/local/lpcxpresso_7.8.0_426/lpcxpresso/tools/bin/../lib/gcc/arm-none-eabi/4.9.3/../../../../arm-none-eabi/lib/armv7-m/libcr_semihost.a(__sys_flen.o)
                0x000072dc                __sys_flen
 .text.__sys_istty
                0x000072e8        0xc /usr/local/lpcxpresso_7.8.0_426/lpcxpresso/tools/bin/../lib/gcc/arm-none-eabi/4.9.3/../../../../arm-none-eabi/lib/armv7-m/libcr_semihost.a(__sys_istty.o)
                0x000072e8                __sys_istty
 .text.__sys_remove
                0x000072f4        0xc /usr/local/lpcxpresso_7.8.0_426/lpcxpresso/tools/bin/../lib/gcc/arm-none-eabi/4.9.3/../../../../arm-none-eabi/lib/armv7-m/libcr_semihost.a(__sys_remove.o)
                0x000072f4                __sys_remove
 .text.__sys_seek
                0x00007300        0xc /usr/local/lpcxpresso_7.8.0_426/lpcxpresso/tools/bin/../lib/gcc/arm-none-eabi/4.9.3/../../../../arm-none-eabi/lib/armv7-m/libcr_semihost.a(__sys_seek.o)
                0x00007300                __sys_seek
 .text.__sys_tmpnam
                0x0000730c        0xc /usr/local/lpcxpresso_7.8.0_426/lpcxpresso/tools/bin/../lib/gcc/arm-none-eabi/4.9.3/../../../../arm-none-eabi/lib/armv7-m/libcr_semihost.a(__sys_tmpnam.o)
                0x0000730c                __sys_tmpnam
 *(.rodata .rodata.* .constdata .constdata.*)
 .rodata.xIRQ   0x00007318        0x4 ./Source/FreeRTOS-Products/FreeRTOS-Plus-IO/Device/LPC17xx/FreeRTOS_lpc17xx_i2c.o
 .rodata        0x0000731c       0x20 ./Source/FreeRTOS-Products/FreeRTOS-Plus-IO/Common/FreeRTOS_DriverInterface.o
 .rodata.xAvailablePeripherals
                0x0000733c       0x30 ./Source/FreeRTOS-Products/FreeRTOS-Plus-IO/Common/FreeRTOS_DriverInterface.o
 .rodata        0x0000736c       0x50 ./Source/FreeRTOS-Products/FreeRTOS/tasks.o
 .rodata.ucExpectedStackBytes.4583
                0x000073bc       0x14 ./Source/FreeRTOS-Products/FreeRTOS/tasks.o
 .rodata        0x000073d0        0x8 ./Source/FreeRTOS-Products/FreeRTOS/timers.o
 .rodata        0x000073d8       0x18 ./Source/Examples/Semihosting/basic_io.o
 .rodata        0x000073f0       0x58 ./Source/Examples/I2C/Copy of I2C-to-and-from-EEPROM.o
 .rodata        0x00007448       0x10 ./Source/Examples/I2C/I2C-coordinator.o
 .rodata.ucLEDPorts
                0x00007458        0x4 ./Source/Examples/GPIO/GPIO-output-and-software-timers.o
                0x00007458                ucLEDPorts
 .rodata        0x0000745c        0x8 ./Source/Examples/GPIO/GPIO-output-and-software-timers.o
 .rodata        0x00007464       0x20 ./Source/main.o
 .rodata.OscRateIn
                0x00007484        0x4 /home/jaguar/Documents/FreeRtos/nxp/lpcopen_trailD_semi/lpc_board_nxp_lpcxpresso_1769/Debug/liblpc_board_nxp_lpcxpresso_1769.a(board.o)
                0x00007484                OscRateIn
 .rodata.RTCOscRateIn
                0x00007488        0x4 /home/jaguar/Documents/FreeRtos/nxp/lpcopen_trailD_semi/lpc_board_nxp_lpcxpresso_1769/Debug/liblpc_board_nxp_lpcxpresso_1769.a(board.o)
                0x00007488                RTCOscRateIn
 .rodata.pinmuxing
                0x0000748c       0x5c /home/jaguar/Documents/FreeRtos/nxp/lpcopen_trailD_semi/lpc_board_nxp_lpcxpresso_1769/Debug/liblpc_board_nxp_lpcxpresso_1769.a(board_sysinit.o)
 .rodata.I2C_PeriphClk
                0x000074e8        0x4 /home/jaguar/Documents/FreeRtos/nxp/lpcopen_trailD_semi/lpc_chip_175x_6x/Debug/liblpc_chip_175x_6x.a(i2c_17xx_40xx.o)
 .rodata.str1.1
                0x000074ec       0x34 /usr/local/lpcxpresso_7.8.0_426/lpcxpresso/tools/bin/../lib/gcc/arm-none-eabi/4.9.3/../../../../arm-none-eabi/lib/armv7-m/libcr_c.a(fpprintf.o)
                                 0x35 (size before relaxing)
 .rodata.str1.1
                0x00007520        0x4 /usr/local/lpcxpresso_7.8.0_426/lpcxpresso/tools/bin/../lib/gcc/arm-none-eabi/4.9.3/../../../../arm-none-eabi/lib/armv7-m/libcr_c.a(initio.o)
 .rodata.str1.1
                0x00007524       0x31 /usr/local/lpcxpresso_7.8.0_426/lpcxpresso/tools/bin/../lib/gcc/arm-none-eabi/4.9.3/../../../../arm-none-eabi/lib/armv7-m/libcr_c.a(printf.o)
                                 0x38 (size before relaxing)
 *fill*         0x00007555        0x3 
 .rodata.__huge_vall
                0x00007558        0x8 /usr/local/lpcxpresso_7.8.0_426/lpcxpresso/tools/bin/../lib/gcc/arm-none-eabi/4.9.3/../../../../arm-none-eabi/lib/armv7-m/libcr_c.a(_hugeval.o)
                0x00007558                __huge_vall
 .rodata.str1.1
                0x00007560       0x18 /usr/local/lpcxpresso_7.8.0_426/lpcxpresso/tools/bin/../lib/gcc/arm-none-eabi/4.9.3/../../../../arm-none-eabi/lib/armv7-m/libcr_c.a(alloc.o)
                0x00007578                . = ALIGN (0x4)

.glue_7         0x00007578        0x0
 .glue_7        0x00000000        0x0 linker stubs

.glue_7t        0x00007578        0x0
 .glue_7t       0x00000000        0x0 linker stubs

.vfp11_veneer   0x00007578        0x0
 .vfp11_veneer  0x00000000        0x0 linker stubs

.v4_bx          0x00007578        0x0
 .v4_bx         0x00000000        0x0 linker stubs

.iplt           0x00007578        0x0
 .iplt          0x00000000        0x0 ./Source/FreeRTOS-Products/FreeRTOS/portable/MemMang/heap_2.o

.rel.dyn        0x00007578        0x0
 .rel.iplt      0x00000000        0x0 ./Source/FreeRTOS-Products/FreeRTOS/portable/MemMang/heap_2.o

.ARM.extab
 *(.ARM.extab* .gnu.linkonce.armextab.*)
                0x00007578                __exidx_start = .

.ARM.exidx
 *(.ARM.exidx* .gnu.linkonce.armexidx.*)
                0x00007578                __exidx_end = .
                0x00007578                _etext = .

.data_RAM2      0x2007c000        0x0 load address 0x00007578
 FILL mask 0xff
                0x2007c000                PROVIDE (__start_data_RAM2, .)
 *(.ramfunc.$RAM2)
 *(.ramfunc.$RamAHB32)
 *(.data.$RAM2*)
 *(.data.$RamAHB32*)
                0x2007c000                . = ALIGN (0x4)
                0x2007c000                PROVIDE (__end_data_RAM2, .)

.uninit_RESERVED
                0x10000000        0x0
 *(.bss.$RESERVED*)
                0x10000000                . = ALIGN (0x4)
                0x10000000                _end_uninit_RESERVED = .

.data           0x10000000       0x6c load address 0x00007578
 FILL mask 0xff
                0x10000000                _data = .
 *(vtable)
 *(.ramfunc*)
 *(.data*)
 .data.xFreeBytesRemaining
                0x10000000        0x4 ./Source/FreeRTOS-Products/FreeRTOS/portable/MemMang/heap_2.o
 .data.uxCriticalNesting
                0x10000004        0x4 ./Source/FreeRTOS-Products/FreeRTOS/portable/GCC/ARM_CM3/port.o
 .data.xNextTaskUnblockTime
                0x10000008        0x4 ./Source/FreeRTOS-Products/FreeRTOS/tasks.o
 .data.ulLEDBits
                0x1000000c        0x8 ./Source/Examples/GPIO/GPIO-output-and-software-timers.o
                0x1000000c                ulLEDBits
 .data.ucState.7572
                0x10000014        0x1 ./Source/Examples/GPIO/GPIO-output-and-software-timers.o
 *fill*         0x10000015        0x3 
 .data.i2c      0x10000018       0x54 /home/jaguar/Documents/FreeRtos/nxp/lpcopen_trailD_semi/lpc_chip_175x_6x/Debug/liblpc_chip_175x_6x.a(i2c_17xx_40xx.o)
                0x1000006c                . = ALIGN (0x4)
                0x1000006c                _edata = .

.igot.plt       0x1000006c        0x0 load address 0x000075e4
 .igot.plt      0x00000000        0x0 ./Source/FreeRTOS-Products/FreeRTOS/portable/MemMang/heap_2.o

.bss_RAM2       0x2007c000        0x0
                0x2007c000                PROVIDE (__start_bss_RAM2, .)
 *(.bss.$RAM2*)
 *(.bss.$RamAHB32*)
                0x2007c000                . = ALIGN (0x4)
                0x2007c000                PROVIDE (__end_bss_RAM2, .)

.bss            0x10000070     0x3fd0
                0x10000070                _bss = .
 *(.bss*)
 .bss.xHeap     0x10000070     0x3c00 ./Source/FreeRTOS-Products/FreeRTOS/portable/MemMang/heap_2.o
 .bss.xStart    0x10003c70        0x8 ./Source/FreeRTOS-Products/FreeRTOS/portable/MemMang/heap_2.o
 .bss.xEnd      0x10003c78        0x8 ./Source/FreeRTOS-Products/FreeRTOS/portable/MemMang/heap_2.o
 .bss.xHeapHasBeenInitialised.4122
                0x10003c80        0x4 ./Source/FreeRTOS-Products/FreeRTOS/portable/MemMang/heap_2.o
 .bss.pxTxTransferControlStructs
                0x10003c84        0xc ./Source/FreeRTOS-Products/FreeRTOS-Plus-IO/Device/LPC17xx/FreeRTOS_lpc17xx_i2c.o
 .bss.pxRxTransferControlStructs
                0x10003c90        0xc ./Source/FreeRTOS-Products/FreeRTOS-Plus-IO/Device/LPC17xx/FreeRTOS_lpc17xx_i2c.o
 .bss.ucSlaveAddresses
                0x10003c9c        0x4 ./Source/FreeRTOS-Products/FreeRTOS-Plus-IO/Device/LPC17xx/FreeRTOS_lpc17xx_i2c.o
 .bss.xDataDirection
                0x10003ca0        0x4 ./Source/FreeRTOS-Products/FreeRTOS-Plus-IO/Device/LPC17xx/FreeRTOS_lpc17xx_i2c.o
 .bss.xBytesOutstanding
                0x10003ca4        0xc ./Source/FreeRTOS-Products/FreeRTOS-Plus-IO/Device/LPC17xx/FreeRTOS_lpc17xx_i2c.o
 .bss.pxCurrentTCB
                0x10003cb0        0x4 ./Source/FreeRTOS-Products/FreeRTOS/tasks.o
                0x10003cb0                pxCurrentTCB
 .bss.pxReadyTasksLists
                0x10003cb4       0x8c ./Source/FreeRTOS-Products/FreeRTOS/tasks.o
 .bss.xDelayedTaskList1
                0x10003d40       0x14 ./Source/FreeRTOS-Products/FreeRTOS/tasks.o
 .bss.xDelayedTaskList2
                0x10003d54       0x14 ./Source/FreeRTOS-Products/FreeRTOS/tasks.o
 .bss.pxDelayedTaskList
                0x10003d68        0x4 ./Source/FreeRTOS-Products/FreeRTOS/tasks.o
 .bss.pxOverflowDelayedTaskList
                0x10003d6c        0x4 ./Source/FreeRTOS-Products/FreeRTOS/tasks.o
 .bss.xPendingReadyList
                0x10003d70       0x14 ./Source/FreeRTOS-Products/FreeRTOS/tasks.o
 .bss.xTasksWaitingTermination
                0x10003d84       0x14 ./Source/FreeRTOS-Products/FreeRTOS/tasks.o
 .bss.uxTasksDeleted
                0x10003d98        0x4 ./Source/FreeRTOS-Products/FreeRTOS/tasks.o
 .bss.xSuspendedTaskList
                0x10003d9c       0x14 ./Source/FreeRTOS-Products/FreeRTOS/tasks.o
 .bss.uxCurrentNumberOfTasks
                0x10003db0        0x4 ./Source/FreeRTOS-Products/FreeRTOS/tasks.o
 .bss.xTickCount
                0x10003db4        0x4 ./Source/FreeRTOS-Products/FreeRTOS/tasks.o
 .bss.uxTopUsedPriority
                0x10003db8        0x4 ./Source/FreeRTOS-Products/FreeRTOS/tasks.o
 .bss.uxTopReadyPriority
                0x10003dbc        0x4 ./Source/FreeRTOS-Products/FreeRTOS/tasks.o
 .bss.xSchedulerRunning
                0x10003dc0        0x4 ./Source/FreeRTOS-Products/FreeRTOS/tasks.o
 .bss.uxSchedulerSuspended
                0x10003dc4        0x4 ./Source/FreeRTOS-Products/FreeRTOS/tasks.o
 .bss.uxMissedTicks
                0x10003dc8        0x4 ./Source/FreeRTOS-Products/FreeRTOS/tasks.o
 .bss.xMissedYield
                0x10003dcc        0x4 ./Source/FreeRTOS-Products/FreeRTOS/tasks.o
 .bss.xNumOfOverflows
                0x10003dd0        0x4 ./Source/FreeRTOS-Products/FreeRTOS/tasks.o
 .bss.uxTaskNumber
                0x10003dd4        0x4 ./Source/FreeRTOS-Products/FreeRTOS/tasks.o
 .bss.ulTaskSwitchedInTime
                0x10003dd8        0x4 ./Source/FreeRTOS-Products/FreeRTOS/tasks.o
 .bss.xActiveTimerList1
                0x10003ddc       0x14 ./Source/FreeRTOS-Products/FreeRTOS/timers.o
 .bss.xActiveTimerList2
                0x10003df0       0x14 ./Source/FreeRTOS-Products/FreeRTOS/timers.o
 .bss.pxCurrentTimerList
                0x10003e04        0x4 ./Source/FreeRTOS-Products/FreeRTOS/timers.o
 .bss.pxOverflowTimerList
                0x10003e08        0x4 ./Source/FreeRTOS-Products/FreeRTOS/timers.o
 .bss.xTimerQueue
                0x10003e0c        0x4 ./Source/FreeRTOS-Products/FreeRTOS/timers.o
 .bss.xLastTime.4191
                0x10003e10        0x4 ./Source/FreeRTOS-Products/FreeRTOS/timers.o
 .bss.cBuffer   0x10003e14       0x34 ./Source/Examples/Semihosting/basic_io.o
 .bss.ucDataBuffer
                0x10003e48       0x44 ./Source/Examples/I2C/Copy of I2C-to-and-from-EEPROM.o
 .bss.ucByte.7695
                0x10003e8c        0x1 ./Source/Examples/I2C/Copy of I2C-to-and-from-EEPROM.o
 .bss.ucValue.7696
                0x10003e8d        0x1 ./Source/Examples/I2C/Copy of I2C-to-and-from-EEPROM.o
 *fill*         0x10003e8e        0x2 
 .bss.xGPIOTimer
                0x10003e90        0x4 ./Source/Examples/GPIO/GPIO-output-and-software-timers.o
 .bss.ucLED.7571
                0x10003e94        0x1 ./Source/Examples/GPIO/GPIO-output-and-software-timers.o
 *fill*         0x10003e95        0x3 
 .bss.ulClocksPer10thOfAMilliSecond
                0x10003e98        0x4 ./Source/main.o
 .bss.errno     0x10003e9c        0x4 /usr/local/lpcxpresso_7.8.0_426/lpcxpresso/tools/bin/../lib/gcc/arm-none-eabi/4.9.3/../../../../arm-none-eabi/lib/armv7-m/libcr_c.a(errno.o)
                0x10003e9c                errno
 *(COMMON)
 COMMON         0x10003ea0       0x50 ./Source/FreeRTOS-Products/FreeRTOS/queue.o
                0x10003ea0                xQueueRegistry
 COMMON         0x10003ef0        0x4 /home/jaguar/Documents/FreeRtos/nxp/lpcopen_trailD_semi/lpc_chip_175x_6x/Debug/liblpc_chip_175x_6x.a(chip_17xx_40xx.o)
                0x10003ef0                SystemCoreClock
 COMMON         0x10003ef4        0x4 /usr/local/lpcxpresso_7.8.0_426/lpcxpresso/tools/bin/../lib/gcc/arm-none-eabi/4.9.3/../../../../arm-none-eabi/lib/armv7-m/libcr_c.a(initio.o)
                0x10003ef4                _extra
 COMMON         0x10003ef8      0x140 /usr/local/lpcxpresso_7.8.0_426/lpcxpresso/tools/bin/../lib/gcc/arm-none-eabi/4.9.3/../../../../arm-none-eabi/lib/armv7-m/libcr_c.a(stdio.o)
                0x10003ef8                __Ciob
 COMMON         0x10004038        0x8 /usr/local/lpcxpresso_7.8.0_426/lpcxpresso/tools/bin/../lib/gcc/arm-none-eabi/4.9.3/../../../../arm-none-eabi/lib/armv7-m/libcr_c.a(__init_alloc.o)
                0x10004038                __heaps
                0x1000403c                __end_of_heap
                0x10004040                . = ALIGN (0x4)
                0x10004040                _ebss = .
                0x10004040                PROVIDE (end, .)

.noinit_RAM2    0x2007c000        0x0
 *(.noinit.$RAM2*)
 *(.noinit.$RamAHB32*)
                0x2007c000                . = ALIGN (0x4)

.noinit         0x10004040        0x0
                0x10004040                _noinit = .
 *(.noinit*)
                0x10004040                . = ALIGN (0x4)
                0x10004040                _end_noinit = .
                0x10004040                PROVIDE (_pvHeapStart, DEFINED (__user_heap_base)?__user_heap_base:.)
                0x10008000                PROVIDE (_vStackTop, DEFINED (__user_stack_top)?__user_stack_top:(__top_RamLoc32 - 0x0))
OUTPUT(FreeRTOS-Plus-Demo-1.axf elf32-littlearm)

.debug_info     0x00000000     0xa694
 .debug_info    0x00000000      0x2bc ./Source/FreeRTOS-Products/FreeRTOS/portable/MemMang/heap_2.o
 .debug_info    0x000002bc      0x21c ./Source/FreeRTOS-Products/FreeRTOS/portable/GCC/ARM_CM3/port.o
 .debug_info    0x000004d8      0x2be ./Source/FreeRTOS-Products/FreeRTOS-Plus-IO/Device/LPC17xx/FreeRTOS_lpc17xx_DriverInterface.o
 .debug_info    0x00000796      0xf27 ./Source/FreeRTOS-Products/FreeRTOS-Plus-IO/Device/LPC17xx/FreeRTOS_lpc17xx_i2c.o
 .debug_info    0x000016bd      0x784 ./Source/FreeRTOS-Products/FreeRTOS-Plus-IO/Common/FreeRTOS_DriverInterface.o
 .debug_info    0x00001e41      0x27d ./Source/FreeRTOS-Products/FreeRTOS-Plus-IO/Common/FreeRTOS_IOUtils.o
 .debug_info    0x000020be      0x5d0 ./Source/FreeRTOS-Products/FreeRTOS-Plus-IO/Common/IOUtils_CharQueueTxAndRx.o
 .debug_info    0x0000268e      0x483 ./Source/FreeRTOS-Products/FreeRTOS-Plus-IO/Common/IOUtils_CircularBufferRx.o
 .debug_info    0x00002b11      0x3f3 ./Source/FreeRTOS-Products/FreeRTOS-Plus-IO/Common/IOUtils_ZeroCopyTx.o
 .debug_info    0x00002f04      0x284 ./Source/FreeRTOS-Products/FreeRTOS/list.o
 .debug_info    0x00003188      0xa01 ./Source/FreeRTOS-Products/FreeRTOS/queue.o
 .debug_info    0x00003b89     0x1124 ./Source/FreeRTOS-Products/FreeRTOS/tasks.o
 .debug_info    0x00004cad      0x710 ./Source/FreeRTOS-Products/FreeRTOS/timers.o
 .debug_info    0x000053bd      0x13b ./Source/Examples/Semihosting/basic_io.o
 .debug_info    0x000054f8       0xa5 ./Source/Examples/Semihosting/consoleprint.o
 .debug_info    0x0000559d      0x551 ./Source/Examples/I2C/Copy of I2C-to-and-from-EEPROM.o
 .debug_info    0x00005aee      0x149 ./Source/Examples/I2C/I2C-coordinator.o
 .debug_info    0x00005c37      0x56a ./Source/Examples/GPIO/GPIO-output-and-software-timers.o
 .debug_info    0x000061a1      0x24e ./Source/cr_startup_lpc175x_6x.o
 .debug_info    0x000063ef      0x4b4 ./Source/main.o
 .debug_info    0x000068a3      0x110 ./Source/sysinit.o
 .debug_info    0x000069b3     0x11ec /home/jaguar/Documents/FreeRtos/nxp/lpcopen_trailD_semi/lpc_board_nxp_lpcxpresso_1769/Debug/liblpc_board_nxp_lpcxpresso_1769.a(board.o)
 .debug_info    0x00007b9f      0x558 /home/jaguar/Documents/FreeRtos/nxp/lpcopen_trailD_semi/lpc_board_nxp_lpcxpresso_1769/Debug/liblpc_board_nxp_lpcxpresso_1769.a(board_sysinit.o)
 .debug_info    0x000080f7      0x50a /home/jaguar/Documents/FreeRtos/nxp/lpcopen_trailD_semi/lpc_chip_175x_6x/Debug/liblpc_chip_175x_6x.a(chip_17xx_40xx.o)
 .debug_info    0x00008601      0xb46 /home/jaguar/Documents/FreeRtos/nxp/lpcopen_trailD_semi/lpc_chip_175x_6x/Debug/liblpc_chip_175x_6x.a(clock_17xx_40xx.o)
 .debug_info    0x00009147      0xe43 /home/jaguar/Documents/FreeRtos/nxp/lpcopen_trailD_semi/lpc_chip_175x_6x/Debug/liblpc_chip_175x_6x.a(i2c_17xx_40xx.o)
 .debug_info    0x00009f8a      0x2d9 /home/jaguar/Documents/FreeRtos/nxp/lpcopen_trailD_semi/lpc_chip_175x_6x/Debug/liblpc_chip_175x_6x.a(iocon_17xx_40xx.o)
 .debug_info    0x0000a263      0x431 /home/jaguar/Documents/FreeRtos/nxp/lpcopen_trailD_semi/lpc_chip_175x_6x/Debug/liblpc_chip_175x_6x.a(sysinit_17xx_40xx.o)

.debug_abbrev   0x00000000     0x2702
 .debug_abbrev  0x00000000      0x17c ./Source/FreeRTOS-Products/FreeRTOS/portable/MemMang/heap_2.o
 .debug_abbrev  0x0000017c      0x178 ./Source/FreeRTOS-Products/FreeRTOS/portable/GCC/ARM_CM3/port.o
 .debug_abbrev  0x000002f4       0xd6 ./Source/FreeRTOS-Products/FreeRTOS-Plus-IO/Device/LPC17xx/FreeRTOS_lpc17xx_DriverInterface.o
 .debug_abbrev  0x000003ca      0x235 ./Source/FreeRTOS-Products/FreeRTOS-Plus-IO/Device/LPC17xx/FreeRTOS_lpc17xx_i2c.o
 .debug_abbrev  0x000005ff      0x15d ./Source/FreeRTOS-Products/FreeRTOS-Plus-IO/Common/FreeRTOS_DriverInterface.o
 .debug_abbrev  0x0000075c       0xb4 ./Source/FreeRTOS-Products/FreeRTOS-Plus-IO/Common/FreeRTOS_IOUtils.o
 .debug_abbrev  0x00000810      0x108 ./Source/FreeRTOS-Products/FreeRTOS-Plus-IO/Common/IOUtils_CharQueueTxAndRx.o
 .debug_abbrev  0x00000918      0x108 ./Source/FreeRTOS-Products/FreeRTOS-Plus-IO/Common/IOUtils_CircularBufferRx.o
 .debug_abbrev  0x00000a20       0xf0 ./Source/FreeRTOS-Products/FreeRTOS-Plus-IO/Common/IOUtils_ZeroCopyTx.o
 .debug_abbrev  0x00000b10       0xc1 ./Source/FreeRTOS-Products/FreeRTOS/list.o
 .debug_abbrev  0x00000bd1      0x181 ./Source/FreeRTOS-Products/FreeRTOS/queue.o
 .debug_abbrev  0x00000d52      0x1fd ./Source/FreeRTOS-Products/FreeRTOS/tasks.o
 .debug_abbrev  0x00000f4f      0x178 ./Source/FreeRTOS-Products/FreeRTOS/timers.o
 .debug_abbrev  0x000010c7       0x9d ./Source/Examples/Semihosting/basic_io.o
 .debug_abbrev  0x00001164       0x7f ./Source/Examples/Semihosting/consoleprint.o
 .debug_abbrev  0x000011e3      0x191 ./Source/Examples/I2C/Copy of I2C-to-and-from-EEPROM.o
 .debug_abbrev  0x00001374       0xcd ./Source/Examples/I2C/I2C-coordinator.o
 .debug_abbrev  0x00001441      0x1bd ./Source/Examples/GPIO/GPIO-output-and-software-timers.o
 .debug_abbrev  0x000015fe       0xf5 ./Source/cr_startup_lpc175x_6x.o
 .debug_abbrev  0x000016f3      0x1a1 ./Source/main.o
 .debug_abbrev  0x00001894       0xa3 ./Source/sysinit.o
 .debug_abbrev  0x00001937      0x318 /home/jaguar/Documents/FreeRtos/nxp/lpcopen_trailD_semi/lpc_board_nxp_lpcxpresso_1769/Debug/liblpc_board_nxp_lpcxpresso_1769.a(board.o)
 .debug_abbrev  0x00001c4f      0x15a /home/jaguar/Documents/FreeRtos/nxp/lpcopen_trailD_semi/lpc_board_nxp_lpcxpresso_1769/Debug/liblpc_board_nxp_lpcxpresso_1769.a(board_sysinit.o)
 .debug_abbrev  0x00001da9      0x138 /home/jaguar/Documents/FreeRtos/nxp/lpcopen_trailD_semi/lpc_chip_175x_6x/Debug/liblpc_chip_175x_6x.a(chip_17xx_40xx.o)
 .debug_abbrev  0x00001ee1      0x2e4 /home/jaguar/Documents/FreeRtos/nxp/lpcopen_trailD_semi/lpc_chip_175x_6x/Debug/liblpc_chip_175x_6x.a(clock_17xx_40xx.o)
 .debug_abbrev  0x000021c5      0x2a6 /home/jaguar/Documents/FreeRtos/nxp/lpcopen_trailD_semi/lpc_chip_175x_6x/Debug/liblpc_chip_175x_6x.a(i2c_17xx_40xx.o)
 .debug_abbrev  0x0000246b      0x126 /home/jaguar/Documents/FreeRtos/nxp/lpcopen_trailD_semi/lpc_chip_175x_6x/Debug/liblpc_chip_175x_6x.a(iocon_17xx_40xx.o)
 .debug_abbrev  0x00002591      0x171 /home/jaguar/Documents/FreeRtos/nxp/lpcopen_trailD_semi/lpc_chip_175x_6x/Debug/liblpc_chip_175x_6x.a(sysinit_17xx_40xx.o)

.debug_aranges  0x00000000      0xbc0
 .debug_aranges
                0x00000000       0x38 ./Source/FreeRTOS-Products/FreeRTOS/portable/MemMang/heap_2.o
 .debug_aranges
                0x00000038       0x80 ./Source/FreeRTOS-Products/FreeRTOS/portable/GCC/ARM_CM3/port.o
 .debug_aranges
                0x000000b8       0x20 ./Source/FreeRTOS-Products/FreeRTOS-Plus-IO/Device/LPC17xx/FreeRTOS_lpc17xx_DriverInterface.o
 .debug_aranges
                0x000000d8       0x60 ./Source/FreeRTOS-Products/FreeRTOS-Plus-IO/Device/LPC17xx/FreeRTOS_lpc17xx_i2c.o
 .debug_aranges
                0x00000138       0x28 ./Source/FreeRTOS-Products/FreeRTOS-Plus-IO/Common/FreeRTOS_DriverInterface.o
 .debug_aranges
                0x00000160       0x20 ./Source/FreeRTOS-Products/FreeRTOS-Plus-IO/Common/FreeRTOS_IOUtils.o
 .debug_aranges
                0x00000180       0x50 ./Source/FreeRTOS-Products/FreeRTOS-Plus-IO/Common/IOUtils_CharQueueTxAndRx.o
 .debug_aranges
                0x000001d0       0x38 ./Source/FreeRTOS-Products/FreeRTOS-Plus-IO/Common/IOUtils_CircularBufferRx.o
 .debug_aranges
                0x00000208       0x30 ./Source/FreeRTOS-Products/FreeRTOS-Plus-IO/Common/IOUtils_ZeroCopyTx.o
 .debug_aranges
                0x00000238       0x40 ./Source/FreeRTOS-Products/FreeRTOS/list.o
 .debug_aranges
                0x00000278       0xf0 ./Source/FreeRTOS-Products/FreeRTOS/queue.o
 .debug_aranges
                0x00000368      0x178 ./Source/FreeRTOS-Products/FreeRTOS/tasks.o
 .debug_aranges
                0x000004e0       0x88 ./Source/FreeRTOS-Products/FreeRTOS/timers.o
 .debug_aranges
                0x00000568       0x30 ./Source/Examples/Semihosting/basic_io.o
 .debug_aranges
                0x00000598       0x20 ./Source/Examples/Semihosting/consoleprint.o
 .debug_aranges
                0x000005b8       0x38 ./Source/Examples/I2C/Copy of I2C-to-and-from-EEPROM.o
 .debug_aranges
                0x000005f0       0x28 ./Source/Examples/I2C/I2C-coordinator.o
 .debug_aranges
                0x00000618       0x70 ./Source/Examples/GPIO/GPIO-output-and-software-timers.o
 .debug_aranges
                0x00000688       0x80 ./Source/cr_startup_lpc175x_6x.o
 .debug_aranges
                0x00000708       0x50 ./Source/main.o
 .debug_aranges
                0x00000758       0x20 ./Source/sysinit.o
 .debug_aranges
                0x00000778      0x110 /home/jaguar/Documents/FreeRtos/nxp/lpcopen_trailD_semi/lpc_board_nxp_lpcxpresso_1769/Debug/liblpc_board_nxp_lpcxpresso_1769.a(board.o)
 .debug_aranges
                0x00000888       0x38 /home/jaguar/Documents/FreeRtos/nxp/lpcopen_trailD_semi/lpc_board_nxp_lpcxpresso_1769/Debug/liblpc_board_nxp_lpcxpresso_1769.a(board_sysinit.o)
 .debug_aranges
                0x000008c0       0x38 /home/jaguar/Documents/FreeRtos/nxp/lpcopen_trailD_semi/lpc_chip_175x_6x/Debug/liblpc_chip_175x_6x.a(chip_17xx_40xx.o)
 .debug_aranges
                0x000008f8      0x120 /home/jaguar/Documents/FreeRtos/nxp/lpcopen_trailD_semi/lpc_chip_175x_6x/Debug/liblpc_chip_175x_6x.a(clock_17xx_40xx.o)
 .debug_aranges
                0x00000a18      0x118 /home/jaguar/Documents/FreeRtos/nxp/lpcopen_trailD_semi/lpc_chip_175x_6x/Debug/liblpc_chip_175x_6x.a(i2c_17xx_40xx.o)
 .debug_aranges
                0x00000b30       0x30 /home/jaguar/Documents/FreeRtos/nxp/lpcopen_trailD_semi/lpc_chip_175x_6x/Debug/liblpc_chip_175x_6x.a(iocon_17xx_40xx.o)
 .debug_aranges
                0x00000b60       0x60 /home/jaguar/Documents/FreeRtos/nxp/lpcopen_trailD_semi/lpc_chip_175x_6x/Debug/liblpc_chip_175x_6x.a(sysinit_17xx_40xx.o)

.debug_ranges   0x00000000      0xa00
 .debug_ranges  0x00000000       0x28 ./Source/FreeRTOS-Products/FreeRTOS/portable/MemMang/heap_2.o
 .debug_ranges  0x00000028       0x70 ./Source/FreeRTOS-Products/FreeRTOS/portable/GCC/ARM_CM3/port.o
 .debug_ranges  0x00000098       0x10 ./Source/FreeRTOS-Products/FreeRTOS-Plus-IO/Device/LPC17xx/FreeRTOS_lpc17xx_DriverInterface.o
 .debug_ranges  0x000000a8       0x50 ./Source/FreeRTOS-Products/FreeRTOS-Plus-IO/Device/LPC17xx/FreeRTOS_lpc17xx_i2c.o
 .debug_ranges  0x000000f8       0x18 ./Source/FreeRTOS-Products/FreeRTOS-Plus-IO/Common/FreeRTOS_DriverInterface.o
 .debug_ranges  0x00000110       0x10 ./Source/FreeRTOS-Products/FreeRTOS-Plus-IO/Common/FreeRTOS_IOUtils.o
 .debug_ranges  0x00000120       0x40 ./Source/FreeRTOS-Products/FreeRTOS-Plus-IO/Common/IOUtils_CharQueueTxAndRx.o
 .debug_ranges  0x00000160       0x28 ./Source/FreeRTOS-Products/FreeRTOS-Plus-IO/Common/IOUtils_CircularBufferRx.o
 .debug_ranges  0x00000188       0x20 ./Source/FreeRTOS-Products/FreeRTOS-Plus-IO/Common/IOUtils_ZeroCopyTx.o
 .debug_ranges  0x000001a8       0x30 ./Source/FreeRTOS-Products/FreeRTOS/list.o
 .debug_ranges  0x000001d8       0xe0 ./Source/FreeRTOS-Products/FreeRTOS/queue.o
 .debug_ranges  0x000002b8      0x168 ./Source/FreeRTOS-Products/FreeRTOS/tasks.o
 .debug_ranges  0x00000420       0x78 ./Source/FreeRTOS-Products/FreeRTOS/timers.o
 .debug_ranges  0x00000498       0x20 ./Source/Examples/Semihosting/basic_io.o
 .debug_ranges  0x000004b8       0x10 ./Source/Examples/Semihosting/consoleprint.o
 .debug_ranges  0x000004c8       0x28 ./Source/Examples/I2C/Copy of I2C-to-and-from-EEPROM.o
 .debug_ranges  0x000004f0       0x18 ./Source/Examples/I2C/I2C-coordinator.o
 .debug_ranges  0x00000508       0x60 ./Source/Examples/GPIO/GPIO-output-and-software-timers.o
 .debug_ranges  0x00000568       0x70 ./Source/cr_startup_lpc175x_6x.o
 .debug_ranges  0x000005d8       0x40 ./Source/main.o
 .debug_ranges  0x00000618       0x10 ./Source/sysinit.o
 .debug_ranges  0x00000628      0x100 /home/jaguar/Documents/FreeRtos/nxp/lpcopen_trailD_semi/lpc_board_nxp_lpcxpresso_1769/Debug/liblpc_board_nxp_lpcxpresso_1769.a(board.o)
 .debug_ranges  0x00000728       0x28 /home/jaguar/Documents/FreeRtos/nxp/lpcopen_trailD_semi/lpc_board_nxp_lpcxpresso_1769/Debug/liblpc_board_nxp_lpcxpresso_1769.a(board_sysinit.o)
 .debug_ranges  0x00000750       0x28 /home/jaguar/Documents/FreeRtos/nxp/lpcopen_trailD_semi/lpc_chip_175x_6x/Debug/liblpc_chip_175x_6x.a(chip_17xx_40xx.o)
 .debug_ranges  0x00000778      0x110 /home/jaguar/Documents/FreeRtos/nxp/lpcopen_trailD_semi/lpc_chip_175x_6x/Debug/liblpc_chip_175x_6x.a(clock_17xx_40xx.o)
 .debug_ranges  0x00000888      0x108 /home/jaguar/Documents/FreeRtos/nxp/lpcopen_trailD_semi/lpc_chip_175x_6x/Debug/liblpc_chip_175x_6x.a(i2c_17xx_40xx.o)
 .debug_ranges  0x00000990       0x20 /home/jaguar/Documents/FreeRtos/nxp/lpcopen_trailD_semi/lpc_chip_175x_6x/Debug/liblpc_chip_175x_6x.a(iocon_17xx_40xx.o)
 .debug_ranges  0x000009b0       0x50 /home/jaguar/Documents/FreeRtos/nxp/lpcopen_trailD_semi/lpc_chip_175x_6x/Debug/liblpc_chip_175x_6x.a(sysinit_17xx_40xx.o)

.debug_macro    0x00000000     0x8472
 .debug_macro   0x00000000       0xeb ./Source/FreeRTOS-Products/FreeRTOS/portable/MemMang/heap_2.o
 .debug_macro   0x000000eb      0x87a ./Source/FreeRTOS-Products/FreeRTOS/portable/MemMang/heap_2.o
 .debug_macro   0x00000965       0x10 ./Source/FreeRTOS-Products/FreeRTOS/portable/MemMang/heap_2.o
 .debug_macro   0x00000975      0x12d ./Source/FreeRTOS-Products/FreeRTOS/portable/MemMang/heap_2.o
 .debug_macro   0x00000aa2       0x28 ./Source/FreeRTOS-Products/FreeRTOS/portable/MemMang/heap_2.o
 .debug_macro   0x00000aca       0x46 ./Source/FreeRTOS-Products/FreeRTOS/portable/MemMang/heap_2.o
 .debug_macro   0x00000b10      0x5b2 ./Source/FreeRTOS-Products/FreeRTOS/portable/MemMang/heap_2.o
 .debug_macro   0x000010c2      0x162 ./Source/FreeRTOS-Products/FreeRTOS/portable/MemMang/heap_2.o
 .debug_macro   0x00001224       0x99 ./Source/FreeRTOS-Products/FreeRTOS/portable/MemMang/heap_2.o
 .debug_macro   0x000012bd       0x12 ./Source/FreeRTOS-Products/FreeRTOS/portable/MemMang/heap_2.o
 .debug_macro   0x000012cf       0x1f ./Source/FreeRTOS-Products/FreeRTOS/portable/MemMang/heap_2.o
 .debug_macro   0x000012ee      0x1bd ./Source/FreeRTOS-Products/FreeRTOS/portable/MemMang/heap_2.o
 .debug_macro   0x000014ab       0x5e ./Source/FreeRTOS-Products/FreeRTOS/portable/MemMang/heap_2.o
 .debug_macro   0x00001509       0x57 ./Source/FreeRTOS-Products/FreeRTOS/portable/MemMang/heap_2.o
 .debug_macro   0x00001560      0x117 ./Source/FreeRTOS-Products/FreeRTOS/portable/GCC/ARM_CM3/port.o
 .debug_macro   0x00001677       0x16 ./Source/FreeRTOS-Products/FreeRTOS/portable/GCC/ARM_CM3/port.o
 .debug_macro   0x0000168d       0xed ./Source/FreeRTOS-Products/FreeRTOS-Plus-IO/Device/LPC17xx/FreeRTOS_lpc17xx_DriverInterface.o
 .debug_macro   0x0000177a       0x9a ./Source/FreeRTOS-Products/FreeRTOS-Plus-IO/Device/LPC17xx/FreeRTOS_lpc17xx_DriverInterface.o
 .debug_macro   0x00001814       0xd6 ./Source/FreeRTOS-Products/FreeRTOS-Plus-IO/Device/LPC17xx/FreeRTOS_lpc17xx_DriverInterface.o
 .debug_macro   0x000018ea      0x314 ./Source/FreeRTOS-Products/FreeRTOS-Plus-IO/Device/LPC17xx/FreeRTOS_lpc17xx_i2c.o
 .debug_macro   0x00001bfe       0x96 ./Source/FreeRTOS-Products/FreeRTOS-Plus-IO/Device/LPC17xx/FreeRTOS_lpc17xx_i2c.o
 .debug_macro   0x00001c94       0x77 ./Source/FreeRTOS-Products/FreeRTOS-Plus-IO/Device/LPC17xx/FreeRTOS_lpc17xx_i2c.o
 .debug_macro   0x00001d0b       0x22 ./Source/FreeRTOS-Products/FreeRTOS-Plus-IO/Device/LPC17xx/FreeRTOS_lpc17xx_i2c.o
 .debug_macro   0x00001d2d       0x74 ./Source/FreeRTOS-Products/FreeRTOS-Plus-IO/Device/LPC17xx/FreeRTOS_lpc17xx_i2c.o
 .debug_macro   0x00001da1       0x10 ./Source/FreeRTOS-Products/FreeRTOS-Plus-IO/Device/LPC17xx/FreeRTOS_lpc17xx_i2c.o
 .debug_macro   0x00001db1       0x2d ./Source/FreeRTOS-Products/FreeRTOS-Plus-IO/Device/LPC17xx/FreeRTOS_lpc17xx_i2c.o
 .debug_macro   0x00001dde       0x3a ./Source/FreeRTOS-Products/FreeRTOS-Plus-IO/Device/LPC17xx/FreeRTOS_lpc17xx_i2c.o
 .debug_macro   0x00001e18       0x2d ./Source/FreeRTOS-Products/FreeRTOS-Plus-IO/Device/LPC17xx/FreeRTOS_lpc17xx_i2c.o
 .debug_macro   0x00001e45      0xbb1 ./Source/FreeRTOS-Products/FreeRTOS-Plus-IO/Device/LPC17xx/FreeRTOS_lpc17xx_i2c.o
 .debug_macro   0x000029f6      0x22c ./Source/FreeRTOS-Products/FreeRTOS-Plus-IO/Device/LPC17xx/FreeRTOS_lpc17xx_i2c.o
 .debug_macro   0x00002c22       0x42 ./Source/FreeRTOS-Products/FreeRTOS-Plus-IO/Device/LPC17xx/FreeRTOS_lpc17xx_i2c.o
 .debug_macro   0x00002c64       0x52 ./Source/FreeRTOS-Products/FreeRTOS-Plus-IO/Device/LPC17xx/FreeRTOS_lpc17xx_i2c.o
 .debug_macro   0x00002cb6       0x78 ./Source/FreeRTOS-Products/FreeRTOS-Plus-IO/Device/LPC17xx/FreeRTOS_lpc17xx_i2c.o
 .debug_macro   0x00002d2e       0x82 ./Source/FreeRTOS-Products/FreeRTOS-Plus-IO/Device/LPC17xx/FreeRTOS_lpc17xx_i2c.o
 .debug_macro   0x00002db0      0x48c ./Source/FreeRTOS-Products/FreeRTOS-Plus-IO/Device/LPC17xx/FreeRTOS_lpc17xx_i2c.o
 .debug_macro   0x0000323c       0x34 ./Source/FreeRTOS-Products/FreeRTOS-Plus-IO/Device/LPC17xx/FreeRTOS_lpc17xx_i2c.o
 .debug_macro   0x00003270      0x4c5 ./Source/FreeRTOS-Products/FreeRTOS-Plus-IO/Device/LPC17xx/FreeRTOS_lpc17xx_i2c.o
 .debug_macro   0x00003735      0x1b7 ./Source/FreeRTOS-Products/FreeRTOS-Plus-IO/Device/LPC17xx/FreeRTOS_lpc17xx_i2c.o
 .debug_macro   0x000038ec       0x10 ./Source/FreeRTOS-Products/FreeRTOS-Plus-IO/Device/LPC17xx/FreeRTOS_lpc17xx_i2c.o
 .debug_macro   0x000038fc      0x21b ./Source/FreeRTOS-Products/FreeRTOS-Plus-IO/Device/LPC17xx/FreeRTOS_lpc17xx_i2c.o
 .debug_macro   0x00003b17      0x1b9 ./Source/FreeRTOS-Products/FreeRTOS-Plus-IO/Device/LPC17xx/FreeRTOS_lpc17xx_i2c.o
 .debug_macro   0x00003cd0       0x40 ./Source/FreeRTOS-Products/FreeRTOS-Plus-IO/Device/LPC17xx/FreeRTOS_lpc17xx_i2c.o
 .debug_macro   0x00003d10       0x22 ./Source/FreeRTOS-Products/FreeRTOS-Plus-IO/Device/LPC17xx/FreeRTOS_lpc17xx_i2c.o
 .debug_macro   0x00003d32      0x162 ./Source/FreeRTOS-Products/FreeRTOS-Plus-IO/Device/LPC17xx/FreeRTOS_lpc17xx_i2c.o
 .debug_macro   0x00003e94       0x94 ./Source/FreeRTOS-Products/FreeRTOS-Plus-IO/Device/LPC17xx/FreeRTOS_lpc17xx_i2c.o
 .debug_macro   0x00003f28       0xb8 ./Source/FreeRTOS-Products/FreeRTOS-Plus-IO/Device/LPC17xx/FreeRTOS_lpc17xx_i2c.o
 .debug_macro   0x00003fe0       0x4c ./Source/FreeRTOS-Products/FreeRTOS-Plus-IO/Device/LPC17xx/FreeRTOS_lpc17xx_i2c.o
 .debug_macro   0x0000402c       0x16 ./Source/FreeRTOS-Products/FreeRTOS-Plus-IO/Device/LPC17xx/FreeRTOS_lpc17xx_i2c.o
 .debug_macro   0x00004042      0x328 ./Source/FreeRTOS-Products/FreeRTOS-Plus-IO/Device/LPC17xx/FreeRTOS_lpc17xx_i2c.o
 .debug_macro   0x0000436a       0x49 ./Source/FreeRTOS-Products/FreeRTOS-Plus-IO/Device/LPC17xx/FreeRTOS_lpc17xx_i2c.o
 .debug_macro   0x000043b3       0x16 ./Source/FreeRTOS-Products/FreeRTOS-Plus-IO/Device/LPC17xx/FreeRTOS_lpc17xx_i2c.o
 .debug_macro   0x000043c9       0xca ./Source/FreeRTOS-Products/FreeRTOS-Plus-IO/Device/LPC17xx/FreeRTOS_lpc17xx_i2c.o
 .debug_macro   0x00004493       0x11 ./Source/FreeRTOS-Products/FreeRTOS-Plus-IO/Device/LPC17xx/FreeRTOS_lpc17xx_i2c.o
 .debug_macro   0x000044a4       0x70 ./Source/FreeRTOS-Products/FreeRTOS-Plus-IO/Device/LPC17xx/FreeRTOS_lpc17xx_i2c.o
 .debug_macro   0x00004514       0x9a ./Source/FreeRTOS-Products/FreeRTOS-Plus-IO/Device/LPC17xx/FreeRTOS_lpc17xx_i2c.o
 .debug_macro   0x000045ae       0x20 ./Source/FreeRTOS-Products/FreeRTOS-Plus-IO/Device/LPC17xx/FreeRTOS_lpc17xx_i2c.o
 .debug_macro   0x000045ce       0x28 ./Source/FreeRTOS-Products/FreeRTOS-Plus-IO/Device/LPC17xx/FreeRTOS_lpc17xx_i2c.o
 .debug_macro   0x000045f6      0x15d ./Source/FreeRTOS-Products/FreeRTOS-Plus-IO/Device/LPC17xx/FreeRTOS_lpc17xx_i2c.o
 .debug_macro   0x00004753       0x2f ./Source/FreeRTOS-Products/FreeRTOS-Plus-IO/Device/LPC17xx/FreeRTOS_lpc17xx_i2c.o
 .debug_macro   0x00004782       0x1c ./Source/FreeRTOS-Products/FreeRTOS-Plus-IO/Device/LPC17xx/FreeRTOS_lpc17xx_i2c.o
 .debug_macro   0x0000479e       0x29 ./Source/FreeRTOS-Products/FreeRTOS-Plus-IO/Device/LPC17xx/FreeRTOS_lpc17xx_i2c.o
 .debug_macro   0x000047c7      0x31e ./Source/FreeRTOS-Products/FreeRTOS-Plus-IO/Common/FreeRTOS_DriverInterface.o
 .debug_macro   0x00004ae5       0x10 ./Source/FreeRTOS-Products/FreeRTOS-Plus-IO/Common/FreeRTOS_DriverInterface.o
 .debug_macro   0x00004af5      0x124 ./Source/FreeRTOS-Products/FreeRTOS-Plus-IO/Common/FreeRTOS_IOUtils.o
 .debug_macro   0x00004c19      0x120 ./Source/FreeRTOS-Products/FreeRTOS-Plus-IO/Common/IOUtils_CharQueueTxAndRx.o
 .debug_macro   0x00004d39      0x120 ./Source/FreeRTOS-Products/FreeRTOS-Plus-IO/Common/IOUtils_CircularBufferRx.o
 .debug_macro   0x00004e59      0x124 ./Source/FreeRTOS-Products/FreeRTOS-Plus-IO/Common/IOUtils_ZeroCopyTx.o
 .debug_macro   0x00004f7d       0xbc ./Source/FreeRTOS-Products/FreeRTOS/list.o
 .debug_macro   0x00005039      0x152 ./Source/FreeRTOS-Products/FreeRTOS/queue.o
 .debug_macro   0x0000518b      0x16e ./Source/FreeRTOS-Products/FreeRTOS/tasks.o
 .debug_macro   0x000052f9       0xa0 ./Source/FreeRTOS-Products/FreeRTOS/tasks.o
 .debug_macro   0x00005399       0x22 ./Source/FreeRTOS-Products/FreeRTOS/tasks.o
 .debug_macro   0x000053bb       0x5b ./Source/FreeRTOS-Products/FreeRTOS/tasks.o
 .debug_macro   0x00005416       0x17 ./Source/FreeRTOS-Products/FreeRTOS/tasks.o
 .debug_macro   0x0000542d       0xe5 ./Source/FreeRTOS-Products/FreeRTOS/timers.o
 .debug_macro   0x00005512       0xda ./Source/Examples/Semihosting/basic_io.o
 .debug_macro   0x000055ec       0x5a ./Source/Examples/Semihosting/consoleprint.o
 .debug_macro   0x00005646      0x335 ./Source/Examples/I2C/Copy of I2C-to-and-from-EEPROM.o
 .debug_macro   0x0000597b      0x322 ./Source/Examples/I2C/I2C-coordinator.o
 .debug_macro   0x00005c9d       0x1c ./Source/Examples/I2C/I2C-coordinator.o
 .debug_macro   0x00005cb9      0x2e6 ./Source/Examples/GPIO/GPIO-output-and-software-timers.o
 .debug_macro   0x00005f9f       0x5d ./Source/Examples/GPIO/GPIO-output-and-software-timers.o
 .debug_macro   0x00005ffc       0x1d ./Source/cr_startup_lpc175x_6x.o
 .debug_macro   0x00006019      0x2f6 ./Source/main.o
 .debug_macro   0x0000630f      0x217 ./Source/sysinit.o
 .debug_macro   0x00006526       0x7b ./Source/sysinit.o
 .debug_macro   0x000065a1       0x18 ./Source/sysinit.o
 .debug_macro   0x000065b9      0x289 /home/jaguar/Documents/FreeRtos/nxp/lpcopen_trailD_semi/lpc_board_nxp_lpcxpresso_1769/Debug/liblpc_board_nxp_lpcxpresso_1769.a(board.o)
 .debug_macro   0x00006842      0x880 /home/jaguar/Documents/FreeRtos/nxp/lpcopen_trailD_semi/lpc_board_nxp_lpcxpresso_1769/Debug/liblpc_board_nxp_lpcxpresso_1769.a(board.o)
 .debug_macro   0x000070c2       0x12 /home/jaguar/Documents/FreeRtos/nxp/lpcopen_trailD_semi/lpc_board_nxp_lpcxpresso_1769/Debug/liblpc_board_nxp_lpcxpresso_1769.a(board.o)
 .debug_macro   0x000070d4      0x217 /home/jaguar/Documents/FreeRtos/nxp/lpcopen_trailD_semi/lpc_board_nxp_lpcxpresso_1769/Debug/liblpc_board_nxp_lpcxpresso_1769.a(board_sysinit.o)
 .debug_macro   0x000072eb      0x1cd /home/jaguar/Documents/FreeRtos/nxp/lpcopen_trailD_semi/lpc_chip_175x_6x/Debug/liblpc_chip_175x_6x.a(chip_17xx_40xx.o)
 .debug_macro   0x000074b8      0x874 /home/jaguar/Documents/FreeRtos/nxp/lpcopen_trailD_semi/lpc_chip_175x_6x/Debug/liblpc_chip_175x_6x.a(chip_17xx_40xx.o)
 .debug_macro   0x00007d2c      0x1cd /home/jaguar/Documents/FreeRtos/nxp/lpcopen_trailD_semi/lpc_chip_175x_6x/Debug/liblpc_chip_175x_6x.a(clock_17xx_40xx.o)
 .debug_macro   0x00007ef9      0x1df /home/jaguar/Documents/FreeRtos/nxp/lpcopen_trailD_semi/lpc_chip_175x_6x/Debug/liblpc_chip_175x_6x.a(i2c_17xx_40xx.o)
 .debug_macro   0x000080d8      0x1cd /home/jaguar/Documents/FreeRtos/nxp/lpcopen_trailD_semi/lpc_chip_175x_6x/Debug/liblpc_chip_175x_6x.a(iocon_17xx_40xx.o)
 .debug_macro   0x000082a5      0x1cd /home/jaguar/Documents/FreeRtos/nxp/lpcopen_trailD_semi/lpc_chip_175x_6x/Debug/liblpc_chip_175x_6x.a(sysinit_17xx_40xx.o)

.debug_line     0x00000000     0xa579
 .debug_line    0x00000000      0x3a2 ./Source/FreeRTOS-Products/FreeRTOS/portable/MemMang/heap_2.o
 .debug_line    0x000003a2      0x3fa ./Source/FreeRTOS-Products/FreeRTOS/portable/GCC/ARM_CM3/port.o
 .debug_line    0x0000079c      0x425 ./Source/FreeRTOS-Products/FreeRTOS-Plus-IO/Device/LPC17xx/FreeRTOS_lpc17xx_DriverInterface.o
 .debug_line    0x00000bc1      0xb47 ./Source/FreeRTOS-Products/FreeRTOS-Plus-IO/Device/LPC17xx/FreeRTOS_lpc17xx_i2c.o
 .debug_line    0x00001708      0x954 ./Source/FreeRTOS-Products/FreeRTOS-Plus-IO/Common/FreeRTOS_DriverInterface.o
 .debug_line    0x0000205c      0x467 ./Source/FreeRTOS-Products/FreeRTOS-Plus-IO/Common/FreeRTOS_IOUtils.o
 .debug_line    0x000024c3      0x523 ./Source/FreeRTOS-Products/FreeRTOS-Plus-IO/Common/IOUtils_CharQueueTxAndRx.o
 .debug_line    0x000029e6      0x4e9 ./Source/FreeRTOS-Products/FreeRTOS-Plus-IO/Common/IOUtils_CircularBufferRx.o
 .debug_line    0x00002ecf      0x4a9 ./Source/FreeRTOS-Products/FreeRTOS-Plus-IO/Common/IOUtils_ZeroCopyTx.o
 .debug_line    0x00003378      0x367 ./Source/FreeRTOS-Products/FreeRTOS/list.o
 .debug_line    0x000036df      0x747 ./Source/FreeRTOS-Products/FreeRTOS/queue.o
 .debug_line    0x00003e26      0xa6f ./Source/FreeRTOS-Products/FreeRTOS/tasks.o
 .debug_line    0x00004895      0x4c7 ./Source/FreeRTOS-Products/FreeRTOS/timers.o
 .debug_line    0x00004d5c      0x39d ./Source/Examples/Semihosting/basic_io.o
 .debug_line    0x000050f9      0x1a9 ./Source/Examples/Semihosting/consoleprint.o
 .debug_line    0x000052a2      0xa27 ./Source/Examples/I2C/Copy of I2C-to-and-from-EEPROM.o
 .debug_line    0x00005cc9      0x8fb ./Source/Examples/I2C/I2C-coordinator.o
 .debug_line    0x000065c4      0x9c1 ./Source/Examples/GPIO/GPIO-output-and-software-timers.o
 .debug_line    0x00006f85       0xd8 ./Source/cr_startup_lpc175x_6x.o
 .debug_line    0x0000705d      0x8b9 ./Source/main.o
 .debug_line    0x00007916      0x4a0 ./Source/sysinit.o
 .debug_line    0x00007db6      0x764 /home/jaguar/Documents/FreeRtos/nxp/lpcopen_trailD_semi/lpc_board_nxp_lpcxpresso_1769/Debug/liblpc_board_nxp_lpcxpresso_1769.a(board.o)
 .debug_line    0x0000851a      0x4dd /home/jaguar/Documents/FreeRtos/nxp/lpcopen_trailD_semi/lpc_board_nxp_lpcxpresso_1769/Debug/liblpc_board_nxp_lpcxpresso_1769.a(board_sysinit.o)
 .debug_line    0x000089f7      0x461 /home/jaguar/Documents/FreeRtos/nxp/lpcopen_trailD_semi/lpc_chip_175x_6x/Debug/liblpc_chip_175x_6x.a(chip_17xx_40xx.o)
 .debug_line    0x00008e58      0x6d8 /home/jaguar/Documents/FreeRtos/nxp/lpcopen_trailD_semi/lpc_chip_175x_6x/Debug/liblpc_chip_175x_6x.a(clock_17xx_40xx.o)
 .debug_line    0x00009530      0x725 /home/jaguar/Documents/FreeRtos/nxp/lpcopen_trailD_semi/lpc_chip_175x_6x/Debug/liblpc_chip_175x_6x.a(i2c_17xx_40xx.o)
 .debug_line    0x00009c55      0x44d /home/jaguar/Documents/FreeRtos/nxp/lpcopen_trailD_semi/lpc_chip_175x_6x/Debug/liblpc_chip_175x_6x.a(iocon_17xx_40xx.o)
 .debug_line    0x0000a0a2      0x4d7 /home/jaguar/Documents/FreeRtos/nxp/lpcopen_trailD_semi/lpc_chip_175x_6x/Debug/liblpc_chip_175x_6x.a(sysinit_17xx_40xx.o)

.debug_str      0x00000000    0x1d3fa
 .debug_str     0x00000000     0x609a ./Source/FreeRTOS-Products/FreeRTOS/portable/MemMang/heap_2.o
                               0x6125 (size before relaxing)
 .debug_str     0x0000609a      0x535 ./Source/FreeRTOS-Products/FreeRTOS/portable/GCC/ARM_CM3/port.o
                               0x6127 (size before relaxing)
 .debug_str     0x000065cf      0xbf6 ./Source/FreeRTOS-Products/FreeRTOS-Plus-IO/Device/LPC17xx/FreeRTOS_lpc17xx_DriverInterface.o
                               0x681f (size before relaxing)
 .debug_str     0x000071c5    0x1126b ./Source/FreeRTOS-Products/FreeRTOS-Plus-IO/Device/LPC17xx/FreeRTOS_lpc17xx_i2c.o
                              0x17a8a (size before relaxing)
 .debug_str     0x00018430      0x14e ./Source/FreeRTOS-Products/FreeRTOS-Plus-IO/Common/FreeRTOS_DriverInterface.o